Archive member included to satisfy reference by file (symbol)

C:/ST/STM32CubeIDE_1.18.1/STM32CubeIDE/plugins/com.st.stm32cube.ide.mcu.externaltools.gnu-tools-for-stm32.13.3.rel1.win32_1.0.0.202411081344/tools/bin/../lib/gcc/arm-none-eabi/13.3.1/../../../../arm-none-eabi/lib/thumb/v7e-m+fp/hard\libc_nano.a(libc_a-exit.o)
                              C:/ST/STM32CubeIDE_1.18.1/STM32CubeIDE/plugins/com.st.stm32cube.ide.mcu.externaltools.gnu-tools-for-stm32.13.3.rel1.win32_1.0.0.202411081344/tools/bin/../lib/gcc/arm-none-eabi/13.3.1/../../../../arm-none-eabi/lib/thumb/v7e-m+fp/hard/crt0.o (exit)
C:/ST/STM32CubeIDE_1.18.1/STM32CubeIDE/plugins/com.st.stm32cube.ide.mcu.externaltools.gnu-tools-for-stm32.13.3.rel1.win32_1.0.0.202411081344/tools/bin/../lib/gcc/arm-none-eabi/13.3.1/../../../../arm-none-eabi/lib/thumb/v7e-m+fp/hard\libc_nano.a(libc_a-findfp.o)
                              C:/ST/STM32CubeIDE_1.18.1/STM32CubeIDE/plugins/com.st.stm32cube.ide.mcu.externaltools.gnu-tools-for-stm32.13.3.rel1.win32_1.0.0.202411081344/tools/bin/../lib/gcc/arm-none-eabi/13.3.1/../../../../arm-none-eabi/lib/thumb/v7e-m+fp/hard\libc_nano.a(libc_a-exit.o) (__stdio_exit_handler)
C:/ST/STM32CubeIDE_1.18.1/STM32CubeIDE/plugins/com.st.stm32cube.ide.mcu.externaltools.gnu-tools-for-stm32.13.3.rel1.win32_1.0.0.202411081344/tools/bin/../lib/gcc/arm-none-eabi/13.3.1/../../../../arm-none-eabi/lib/thumb/v7e-m+fp/hard\libc_nano.a(libc_a-fwalk.o)
                              C:/ST/STM32CubeIDE_1.18.1/STM32CubeIDE/plugins/com.st.stm32cube.ide.mcu.externaltools.gnu-tools-for-stm32.13.3.rel1.win32_1.0.0.202411081344/tools/bin/../lib/gcc/arm-none-eabi/13.3.1/../../../../arm-none-eabi/lib/thumb/v7e-m+fp/hard\libc_nano.a(libc_a-findfp.o) (_fwalk_sglue)
C:/ST/STM32CubeIDE_1.18.1/STM32CubeIDE/plugins/com.st.stm32cube.ide.mcu.externaltools.gnu-tools-for-stm32.13.3.rel1.win32_1.0.0.202411081344/tools/bin/../lib/gcc/arm-none-eabi/13.3.1/../../../../arm-none-eabi/lib/thumb/v7e-m+fp/hard\libc_nano.a(libc_a-puts.o)
                              ./Core/Src/main.o (puts)
C:/ST/STM32CubeIDE_1.18.1/STM32CubeIDE/plugins/com.st.stm32cube.ide.mcu.externaltools.gnu-tools-for-stm32.13.3.rel1.win32_1.0.0.202411081344/tools/bin/../lib/gcc/arm-none-eabi/13.3.1/../../../../arm-none-eabi/lib/thumb/v7e-m+fp/hard\libc_nano.a(libc_a-stdio.o)
                              C:/ST/STM32CubeIDE_1.18.1/STM32CubeIDE/plugins/com.st.stm32cube.ide.mcu.externaltools.gnu-tools-for-stm32.13.3.rel1.win32_1.0.0.202411081344/tools/bin/../lib/gcc/arm-none-eabi/13.3.1/../../../../arm-none-eabi/lib/thumb/v7e-m+fp/hard\libc_nano.a(libc_a-findfp.o) (__sread)
C:/ST/STM32CubeIDE_1.18.1/STM32CubeIDE/plugins/com.st.stm32cube.ide.mcu.externaltools.gnu-tools-for-stm32.13.3.rel1.win32_1.0.0.202411081344/tools/bin/../lib/gcc/arm-none-eabi/13.3.1/../../../../arm-none-eabi/lib/thumb/v7e-m+fp/hard\libc_nano.a(libc_a-wbuf.o)
                              C:/ST/STM32CubeIDE_1.18.1/STM32CubeIDE/plugins/com.st.stm32cube.ide.mcu.externaltools.gnu-tools-for-stm32.13.3.rel1.win32_1.0.0.202411081344/tools/bin/../lib/gcc/arm-none-eabi/13.3.1/../../../../arm-none-eabi/lib/thumb/v7e-m+fp/hard\libc_nano.a(libc_a-puts.o) (__swbuf_r)
C:/ST/STM32CubeIDE_1.18.1/STM32CubeIDE/plugins/com.st.stm32cube.ide.mcu.externaltools.gnu-tools-for-stm32.13.3.rel1.win32_1.0.0.202411081344/tools/bin/../lib/gcc/arm-none-eabi/13.3.1/../../../../arm-none-eabi/lib/thumb/v7e-m+fp/hard\libc_nano.a(libc_a-wsetup.o)
                              C:/ST/STM32CubeIDE_1.18.1/STM32CubeIDE/plugins/com.st.stm32cube.ide.mcu.externaltools.gnu-tools-for-stm32.13.3.rel1.win32_1.0.0.202411081344/tools/bin/../lib/gcc/arm-none-eabi/13.3.1/../../../../arm-none-eabi/lib/thumb/v7e-m+fp/hard\libc_nano.a(libc_a-puts.o) (__swsetup_r)
C:/ST/STM32CubeIDE_1.18.1/STM32CubeIDE/plugins/com.st.stm32cube.ide.mcu.externaltools.gnu-tools-for-stm32.13.3.rel1.win32_1.0.0.202411081344/tools/bin/../lib/gcc/arm-none-eabi/13.3.1/../../../../arm-none-eabi/lib/thumb/v7e-m+fp/hard\libc_nano.a(libc_a-memset.o)
                              C:/ST/STM32CubeIDE_1.18.1/STM32CubeIDE/plugins/com.st.stm32cube.ide.mcu.externaltools.gnu-tools-for-stm32.13.3.rel1.win32_1.0.0.202411081344/tools/bin/../lib/gcc/arm-none-eabi/13.3.1/../../../../arm-none-eabi/lib/thumb/v7e-m+fp/hard/crt0.o (memset)
C:/ST/STM32CubeIDE_1.18.1/STM32CubeIDE/plugins/com.st.stm32cube.ide.mcu.externaltools.gnu-tools-for-stm32.13.3.rel1.win32_1.0.0.202411081344/tools/bin/../lib/gcc/arm-none-eabi/13.3.1/../../../../arm-none-eabi/lib/thumb/v7e-m+fp/hard\libc_nano.a(libc_a-closer.o)
                              C:/ST/STM32CubeIDE_1.18.1/STM32CubeIDE/plugins/com.st.stm32cube.ide.mcu.externaltools.gnu-tools-for-stm32.13.3.rel1.win32_1.0.0.202411081344/tools/bin/../lib/gcc/arm-none-eabi/13.3.1/../../../../arm-none-eabi/lib/thumb/v7e-m+fp/hard\libc_nano.a(libc_a-stdio.o) (_close_r)
[...]
Memory Configuration

Name             Origin             Length             Attributes
RAM              0x20000000         0x00020000         xrw
FLASH            0x08000000         0x00080000         xr
*default*        0x00000000         0xffffffff

Linker script and memory map

LOAD C:/ST/STM32CubeIDE_1.18.1/STM32CubeIDE/plugins/com.st.stm32cube.ide.mcu.externaltools.gnu-tools-for-stm32.13.3.rel1.win32_1.0.0.202411081344/tools/bin/../lib/gcc/arm-none-eabi/13.3.1/thumb/v7e-m+fp/hard/crti.o
LOAD C:/ST/STM32CubeIDE_1.18.1/STM32CubeIDE/plugins/com.st.stm32cube.ide.mcu.externaltools.gnu-tools-for-stm32.13.3.rel1.win32_1.0.0.202411081344/tools/bin/../lib/gcc/arm-none-eabi/13.3.1/thumb/v7e-m+fp/hard/crtbegin.o
LOAD C:/ST/STM32CubeIDE_1.18.1/STM32CubeIDE/plugins/com.st.stm32cube.ide.mcu.externaltools.gnu-tools-for-stm32.13.3.rel1.win32_1.0.0.202411081344/tools/bin/../lib/gcc/arm-none-eabi/13.3.1/../../../../arm-none-eabi/lib/thumb/v7e-m+fp/hard/crt0.o
LOAD ./Core/Src/main.o
LOAD ./Core/Src/stm32f4xx_hal_msp.o
LOAD ./Core/Src/stm32f4xx_hal_timebase_tim.o
LOAD ./Core/Src/stm32f4xx_it.o
LOAD ./Core/Src/syscalls.o
LOAD ./Core/Src/sysmem.o
LOAD ./Core/Src/system_stm32f4xx.o
LOAD ./Core/Startup/startup_stm32f446retx.o
LOAD ./Drivers/STM32F4xx_HAL_Driver/Src/stm32f4xx_hal.o
LOAD ./Drivers/STM32F4xx_HAL_Driver/Src/stm32f4xx_hal_cortex.o
LOAD ./Drivers/STM32F4xx_HAL_Driver/Src/stm32f4xx_hal_dma.o
LOAD ./Drivers/STM32F4xx_HAL_Driver/Src/stm32f4xx_hal_dma_ex.o
LOAD ./Drivers/STM32F4xx_HAL_Driver/Src/stm32f4xx_hal_exti.o
LOAD ./Drivers/STM32F4xx_HAL_Driver/Src/stm32f4xx_hal_flash.o
LOAD ./Drivers/STM32F4xx_HAL_Driver/Src/stm32f4xx_hal_flash_ex.o
LOAD ./Drivers/STM32F4xx_HAL_Driver/Src/stm32f4xx_hal_flash_ramfunc.o
LOAD ./Drivers/STM32F4xx_HAL_Driver/Src/stm32f4xx_hal_gpio.o
LOAD ./Drivers/STM32F4xx_HAL_Driver/Src/stm32f4xx_hal_pwr.o
LOAD ./Drivers/STM32F4xx_HAL_Driver/Src/stm32f4xx_hal_pwr_ex.o
LOAD ./Drivers/STM32F4xx_HAL_Driver/Src/stm32f4xx_hal_rcc.o
LOAD ./Drivers/STM32F4xx_HAL_Driver/Src/stm32f4xx_hal_rcc_ex.o
LOAD ./Drivers/STM32F4xx_HAL_Driver/Src/stm32f4xx_hal_tim.o
LOAD ./Drivers/STM32F4xx_HAL_Driver/Src/stm32f4xx_hal_tim_ex.o
LOAD ./Drivers/STM32F4xx_HAL_Driver/Src/stm32f4xx_hal_uart.o
LOAD ./Third_Party/croutine.o
LOAD ./Third_Party/event_groups.o
LOAD ./Third_Party/list.o
LOAD ./Third_Party/queue.o
LOAD ./Third_Party/stream_buffer.o
LOAD ./Third_Party/tasks.o
LOAD ./Third_Party/timers.o
LOAD ./Third_Party/portable/GCC/ARM_CM4F/port.o
LOAD ./Third_Party/portable/MemMang/heap_4.o
START GROUP
LOAD C:/ST/STM32CubeIDE_1.18.1/STM32CubeIDE/plugins/com.st.stm32cube.ide.mcu.externaltools.gnu-tools-for-stm32.13.3.rel1.win32_1.0.0.202411081344/tools/bin/../lib/gcc/arm-none-eabi/13.3.1/../../../../arm-none-eabi/lib/thumb/v7e-m+fp/hard\libc_nano.a
LOAD C:/ST/STM32CubeIDE_1.18.1/STM32CubeIDE/plugins/com.st.stm32cube.ide.mcu.externaltools.gnu-tools-for-stm32.13.3.rel1.win32_1.0.0.202411081344/tools/bin/../lib/gcc/arm-none-eabi/13.3.1/../../../../arm-none-eabi/lib/thumb/v7e-m+fp/hard\libm.a
END GROUP
START GROUP
LOAD C:/ST/STM32CubeIDE_1.18.1/STM32CubeIDE/plugins/com.st.stm32cube.ide.mcu.externaltools.gnu-tools-for-stm32.13.3.rel1.win32_1.0.0.202411081344/tools/bin/../lib/gcc/arm-none-eabi/13.3.1/thumb/v7e-m+fp/hard\libgcc.a
LOAD C:/ST/STM32CubeIDE_1.18.1/STM32CubeIDE/plugins/com.st.stm32cube.ide.mcu.externaltools.gnu-tools-for-stm32.13.3.rel1.win32_1.0.0.202411081344/tools/bin/../lib/gcc/arm-none-eabi/13.3.1/../../../../arm-none-eabi/lib/thumb/v7e-m+fp/hard\libc_nano.a
END GROUP
START GROUP
LOAD C:/ST/STM32CubeIDE_1.18.1/STM32CubeIDE/plugins/com.st.stm32cube.ide.mcu.externaltools.gnu-tools-for-stm32.13.3.rel1.win32_1.0.0.202411081344/tools/bin/../lib/gcc/arm-none-eabi/13.3.1/thumb/v7e-m+fp/hard\libgcc.a
LOAD C:/ST/STM32CubeIDE_1.18.1/STM32CubeIDE/plugins/com.st.stm32cube.ide.mcu.externaltools.gnu-tools-for-stm32.13.3.rel1.win32_1.0.0.202411081344/tools/bin/../lib/gcc/arm-none-eabi/13.3.1/../../../../arm-none-eabi/lib/thumb/v7e-m+fp/hard\libc_nano.a
LOAD C:/ST/STM32CubeIDE_1.18.1/STM32CubeIDE/plugins/com.st.stm32cube.ide.mcu.externaltools.gnu-tools-for-stm32.13.3.rel1.win32_1.0.0.202411081344/tools/bin/../lib/gcc/arm-none-eabi/13.3.1/../../../../arm-none-eabi/lib/thumb/v7e-m+fp/hard\libnosys.a
END GROUP
START GROUP
LOAD C:/ST/STM32CubeIDE_1.18.1/STM32CubeIDE/plugins/com.st.stm32cube.ide.mcu.externaltools.gnu-tools-for-stm32.13.3.rel1.win32_1.0.0.202411081344/tools/bin/../lib/gcc/arm-none-eabi/13.3.1/thumb/v7e-m+fp/hard\libgcc.a
LOAD C:/ST/STM32CubeIDE_1.18.1/STM32CubeIDE/plugins/com.st.stm32cube.ide.mcu.externaltools.gnu-tools-for-stm32.13.3.rel1.win32_1.0.0.202411081344/tools/bin/../lib/gcc/arm-none-eabi/13.3.1/../../../../arm-none-eabi/lib/thumb/v7e-m+fp/hard\libc_nano.a
LOAD C:/ST/STM32CubeIDE_1.18.1/STM32CubeIDE/plugins/com.st.stm32cube.ide.mcu.externaltools.gnu-tools-for-stm32.13.3.rel1.win32_1.0.0.202411081344/tools/bin/../lib/gcc/arm-none-eabi/13.3.1/../../../../arm-none-eabi/lib/thumb/v7e-m+fp/hard\libnosys.a
END GROUP
LOAD C:/ST/STM32CubeIDE_1.18.1/STM32CubeIDE/plugins/com.st.stm32cube.ide.mcu.externaltools.gnu-tools-for-stm32.13.3.rel1.win32_1.0.0.202411081344/tools/bin/../lib/gcc/arm-none-eabi/13.3.1/thumb/v7e-m+fp/hard/crtend.o
LOAD C:/ST/STM32CubeIDE_1.18.1/STM32CubeIDE/plugins/com.st.stm32cube.ide.mcu.externaltools.gnu-tools-for-stm32.13.3.rel1.win32_1.0.0.202411081344/tools/bin/../lib/gcc/arm-none-eabi/13.3.1/thumb/v7e-m+fp/hard/crtn.o
                0x20020000                        _estack = (ORIGIN (RAM) + LENGTH (RAM))
                0x00000200                        _Min_Heap_Size = 0x200
                0x00000400                        _Min_Stack_Size = 0x400

.isr_vector     0x08000000      0x1c4
                0x08000000                        . = ALIGN (0x4)
 *(.isr_vector)
 .isr_vector    0x08000000      0x1c4 ./Core/Startup/startup_stm32f446retx.o
                0x08000000                g_pfnVectors
                0x080001c4                        . = ALIGN (0x4)

.text           0x080001c4     0x5ab8
                0x080001c4                        . = ALIGN (0x4)
 *(.text)
 .text          0x080001c4       0x40 C:/ST/STM32CubeIDE_1.18.1/STM32CubeIDE/plugins/com.st.stm32cube.ide.mcu.externaltools.gnu-tools-for-stm32.13.3.rel1.win32_1.0.0.202411081344/tools/bin/../lib/gcc/arm-none-eabi/13.3.1/thumb/v7e-m+fp/hard/crtbegin.o
 .text          0x08000204       0x30 C:/ST/STM32CubeIDE_1.18.1/STM32CubeIDE/plugins/com.st.stm32cube.ide.mcu.externaltools.gnu-tools-for-stm32.13.3.rel1.win32_1.0.0.202411081344/tools/bin/../lib/gcc/arm-none-eabi/13.3.1/thumb/v7e-m+fp/hard\libgcc.a(_aeabi_uldivmod.o)
                0x08000204                __aeabi_uldivmod
 .text          0x08000234      0x2f8 C:/ST/STM32CubeIDE_1.18.1/STM32CubeIDE/plugins/com.st.stm32cube.ide.mcu.externaltools.gnu-tools-for-stm32.13.3.rel1.win32_1.0.0.202411081344/tools/bin/../lib/gcc/arm-none-eabi/13.3.1/thumb/v7e-m+fp/hard\libgcc.a(_udivmoddi4.o)
                0x08000234                __udivmoddi4
 .text          0x0800052c        0x4 C:/ST/STM32CubeIDE_1.18.1/STM32CubeIDE/plugins/com.st.stm32cube.ide.mcu.externaltools.gnu-tools-for-stm32.13.3.rel1.win32_1.0.0.202411081344/tools/bin/../lib/gcc/arm-none-eabi/13.3.1/thumb/v7e-m+fp/hard\libgcc.a(_dvmd_tls.o)
                0x0800052c                __aeabi_idiv0
                0x0800052c                __aeabi_ldiv0
 *(.text*)
 .text.main     0x08000530       0xd8 ./Core/Src/main.o
                0x08000530                main
 .text.SystemClock_Config
                0x08000608       0xdc ./Core/Src/main.o
                0x08000608                SystemClock_Config
 .text.MX_USART2_UART_Init
                0x080006e4       0x54 ./Core/Src/main.o
 .text.MX_GPIO_Init
                0x08000738       0xbc ./Core/Src/main.o
 .text.led_green_handler
                0x080007f4       0x40 ./Core/Src/main.o
 .text.led_red_handler
                0x08000834       0x40 ./Core/Src/main.o
 .text.led_blue_handler
                0x08000874       0x40 ./Core/Src/main.o
 .text.HAL_TIM_PeriodElapsedCallback
                0x080008b4       0x24 ./Core/Src/main.o
                0x080008b4                HAL_TIM_PeriodElapsedCallback
 .text.Error_Handler
                0x080008d8        0xc ./Core/Src/main.o
                0x080008d8                Error_Handler
 .text.HAL_MspInit
                0x080008e4       0x50 ./Core/Src/stm32f4xx_hal_msp.o
                0x080008e4                HAL_MspInit
 .text.HAL_UART_MspInit
                0x08000934       0x90 ./Core/Src/stm32f4xx_hal_msp.o
                0x08000934                HAL_UART_MspInit
 .text.HAL_InitTick
                0x080009c4       0xf8 ./Core/Src/stm32f4xx_hal_timebase_tim.o
                0x080009c4                HAL_InitTick
 .text.NMI_Handler
                0x08000abc        0x8 ./Core/Src/stm32f4xx_it.o
                0x08000abc                NMI_Handler
 .text.HardFault_Handler
                0x08000ac4        0x8 ./Core/Src/stm32f4xx_it.o
                0x08000ac4                HardFault_Handler
 .text.MemManage_Handler
                0x08000acc        0x8 ./Core/Src/stm32f4xx_it.o
                0x08000acc                MemManage_Handler
 .text.BusFault_Handler
                0x08000ad4        0x8 ./Core/Src/stm32f4xx_it.o
                0x08000ad4                BusFault_Handler
 .text.UsageFault_Handler
                0x08000adc        0x8 ./Core/Src/stm32f4xx_it.o
                0x08000adc                UsageFault_Handler
 .text.DebugMon_Handler
                0x08000ae4        0xe ./Core/Src/stm32f4xx_it.o
                0x08000ae4                DebugMon_Handler
 *fill*         0x08000af2        0x2 
 .text.TIM6_DAC_IRQHandler
                0x08000af4       0x14 ./Core/Src/stm32f4xx_it.o
                0x08000af4                TIM6_DAC_IRQHandler
 .text._read    0x08000b08       0x3a ./Core/Src/syscalls.o
                0x08000b08                _read
 .text._write   0x08000b42       0x38 ./Core/Src/syscalls.o
                0x08000b42                _write
 .text._close   0x08000b7a       0x18 ./Core/Src/syscalls.o
                0x08000b7a                _close
 .text._fstat   0x08000b92       0x20 ./Core/Src/syscalls.o
                0x08000b92                _fstat
 .text._isatty  0x08000bb2       0x16 ./Core/Src/syscalls.o
                0x08000bb2                _isatty
 .text._lseek   0x08000bc8       0x1a ./Core/Src/syscalls.o
                0x08000bc8                _lseek
 *fill*         0x08000be2        0x2 
 .text._sbrk    0x08000be4       0x6c ./Core/Src/sysmem.o
                0x08000be4                _sbrk
 .text.SystemInit
                0x08000c50       0x24 ./Core/Src/system_stm32f4xx.o
                0x08000c50                SystemInit
 .text.Reset_Handler
                0x08000c74       0x50 ./Core/Startup/startup_stm32f446retx.o
                0x08000c74                Reset_Handler
 .text.Default_Handler
                0x08000cc4        0x2 ./Core/Startup/startup_stm32f446retx.o
                0x08000cc4                RTC_Alarm_IRQHandler
                0x08000cc4                EXTI2_IRQHandler
                0x08000cc4                TIM8_CC_IRQHandler
                0x08000cc4                FMPI2C1_EV_IRQHandler
                0x08000cc4                SPI4_IRQHandler
                0x08000cc4                TIM1_CC_IRQHandler
                0x08000cc4                DMA2_Stream5_IRQHandler
                0x08000cc4                DMA1_Stream5_IRQHandler
                0x08000cc4                SysTick_Handler
                0x08000cc4                PVD_IRQHandler
                0x08000cc4                SDIO_IRQHandler
                0x08000cc4                TAMP_STAMP_IRQHandler
                0x08000cc4                PendSV_Handler
                0x08000cc4                CAN2_RX1_IRQHandler
                0x08000cc4                EXTI3_IRQHandler
                0x08000cc4                TIM8_TRG_COM_TIM14_IRQHandler
                0x08000cc4                TIM1_UP_TIM10_IRQHandler
                0x08000cc4                TIM8_UP_TIM13_IRQHandler
                0x08000cc4                I2C3_ER_IRQHandler
                0x08000cc4                EXTI0_IRQHandler
                0x08000cc4                I2C2_EV_IRQHandler
                0x08000cc4                DMA1_Stream2_IRQHandler
                0x08000cc4                CAN1_RX0_IRQHandler
                0x08000cc4                FPU_IRQHandler
                0x08000cc4                OTG_HS_WKUP_IRQHandler
                0x08000cc4                CAN2_SCE_IRQHandler
                0x08000cc4                DMA2_Stream2_IRQHandler
                0x08000cc4                SPI1_IRQHandler
                0x08000cc4                TIM1_BRK_TIM9_IRQHandler
                0x08000cc4                DCMI_IRQHandler
                0x08000cc4                CAN2_RX0_IRQHandler
                0x08000cc4                DMA2_Stream3_IRQHandler
                0x08000cc4                SAI2_IRQHandler
                0x08000cc4                USART6_IRQHandler
                0x08000cc4                USART3_IRQHandler
                0x08000cc4                CAN1_RX1_IRQHandler
                0x08000cc4                UART5_IRQHandler
                0x08000cc4                DMA2_Stream0_IRQHandler
                0x08000cc4                TIM4_IRQHandler
                0x08000cc4                QUADSPI_IRQHandler
                0x08000cc4                I2C1_EV_IRQHandler
                0x08000cc4                DMA1_Stream6_IRQHandler
                0x08000cc4                DMA1_Stream1_IRQHandler
                0x08000cc4                UART4_IRQHandler
                0x08000cc4                TIM3_IRQHandler
                0x08000cc4                RCC_IRQHandler
                0x08000cc4                TIM8_BRK_TIM12_IRQHandler
                0x08000cc4                Default_Handler
                0x08000cc4                CEC_IRQHandler
                0x08000cc4                EXTI15_10_IRQHandler
                0x08000cc4                ADC_IRQHandler
                0x08000cc4                DMA1_Stream7_IRQHandler
                0x08000cc4                TIM7_IRQHandler
                0x08000cc4                CAN2_TX_IRQHandler
                0x08000cc4                TIM5_IRQHandler
                0x08000cc4                DMA2_Stream7_IRQHandler
                0x08000cc4                I2C3_EV_IRQHandler
                0x08000cc4                EXTI9_5_IRQHandler
                0x08000cc4                RTC_WKUP_IRQHandler
                0x08000cc4                SPDIF_RX_IRQHandler
                0x08000cc4                SPI2_IRQHandler
                0x08000cc4                OTG_HS_EP1_IN_IRQHandler
                0x08000cc4                DMA1_Stream0_IRQHandler
                0x08000cc4                CAN1_TX_IRQHandler
                0x08000cc4                SVC_Handler
                0x08000cc4                FMPI2C1_ER_IRQHandler
                0x08000cc4                EXTI4_IRQHandler
                0x08000cc4                OTG_HS_EP1_OUT_IRQHandler
                0x08000cc4                WWDG_IRQHandler
                0x08000cc4                TIM2_IRQHandler
                0x08000cc4                OTG_FS_WKUP_IRQHandler
                0x08000cc4                TIM1_TRG_COM_TIM11_IRQHandler
                0x08000cc4                OTG_HS_IRQHandler
                0x08000cc4                EXTI1_IRQHandler
                0x08000cc4                USART2_IRQHandler
                0x08000cc4                I2C2_ER_IRQHandler
                0x08000cc4                DMA2_Stream1_IRQHandler
                0x08000cc4                CAN1_SCE_IRQHandler
                0x08000cc4                FLASH_IRQHandler
                0x08000cc4                DMA2_Stream4_IRQHandler
                0x08000cc4                USART1_IRQHandler
                0x08000cc4                OTG_FS_IRQHandler
                0x08000cc4                SPI3_IRQHandler
                0x08000cc4                DMA1_Stream4_IRQHandler
                0x08000cc4                I2C1_ER_IRQHandler
                0x08000cc4                FMC_IRQHandler
                0x08000cc4                DMA2_Stream6_IRQHandler
                0x08000cc4                SAI1_IRQHandler
                0x08000cc4                DMA1_Stream3_IRQHandler
 *fill*         0x08000cc6        0x2 
 .text.HAL_Init
                0x08000cc8       0x44 ./Drivers/STM32F4xx_HAL_Driver/Src/stm32f4xx_hal.o
                0x08000cc8                HAL_Init
 .text.HAL_IncTick
                0x08000d0c       0x28 ./Drivers/STM32F4xx_HAL_Driver/Src/stm32f4xx_hal.o
                0x08000d0c                HAL_IncTick
 .text.HAL_GetTick
                0x08000d34       0x18 ./Drivers/STM32F4xx_HAL_Driver/Src/stm32f4xx_hal.o
                0x08000d34                HAL_GetTick
 .text.HAL_Delay
                0x08000d4c       0x48 ./Drivers/STM32F4xx_HAL_Driver/Src/stm32f4xx_hal.o
                0x08000d4c                HAL_Delay
 .text.__NVIC_SetPriorityGrouping
                0x08000d94       0x48 ./Drivers/STM32F4xx_HAL_Driver/Src/stm32f4xx_hal_cortex.o
 .text.__NVIC_GetPriorityGrouping
                0x08000ddc       0x1c ./Drivers/STM32F4xx_HAL_Driver/Src/stm32f4xx_hal_cortex.o
 .text.__NVIC_EnableIRQ
                0x08000df8       0x3c ./Drivers/STM32F4xx_HAL_Driver/Src/stm32f4xx_hal_cortex.o
 .text.__NVIC_SetPriority
                0x08000e34       0x54 ./Drivers/STM32F4xx_HAL_Driver/Src/stm32f4xx_hal_cortex.o
 .text.NVIC_EncodePriority
                0x08000e88       0x66 ./Drivers/STM32F4xx_HAL_Driver/Src/stm32f4xx_hal_cortex.o
 .text.HAL_NVIC_SetPriorityGrouping
                0x08000eee       0x16 ./Drivers/STM32F4xx_HAL_Driver/Src/stm32f4xx_hal_cortex.o
                0x08000eee                HAL_NVIC_SetPriorityGrouping
 .text.HAL_NVIC_SetPriority
                0x08000f04       0x38 ./Drivers/STM32F4xx_HAL_Driver/Src/stm32f4xx_hal_cortex.o
                0x08000f04                HAL_NVIC_SetPriority
 .text.HAL_NVIC_EnableIRQ
                0x08000f3c       0x1c ./Drivers/STM32F4xx_HAL_Driver/Src/stm32f4xx_hal_cortex.o
                0x08000f3c                HAL_NVIC_EnableIRQ
 .text.HAL_GPIO_Init
                0x08000f58      0x328 ./Drivers/STM32F4xx_HAL_Driver/Src/stm32f4xx_hal_gpio.o
                0x08000f58                HAL_GPIO_Init
 .text.HAL_GPIO_WritePin
                0x08001280       0x32 ./Drivers/STM32F4xx_HAL_Driver/Src/stm32f4xx_hal_gpio.o
                0x08001280                HAL_GPIO_WritePin
 .text.HAL_GPIO_TogglePin
                0x080012b2       0x34 ./Drivers/STM32F4xx_HAL_Driver/Src/stm32f4xx_hal_gpio.o
                0x080012b2                HAL_GPIO_TogglePin
 *fill*         0x080012e6        0x2 
 .text.HAL_RCC_ClockConfig
                0x080012e8      0x1cc ./Drivers/STM32F4xx_HAL_Driver/Src/stm32f4xx_hal_rcc.o
                0x080012e8                HAL_RCC_ClockConfig
 .text.HAL_RCC_GetHCLKFreq
                0x080014b4       0x18 ./Drivers/STM32F4xx_HAL_Driver/Src/stm32f4xx_hal_rcc.o
                0x080014b4                HAL_RCC_GetHCLKFreq
 .text.HAL_RCC_GetPCLK1Freq
                0x080014cc       0x28 ./Drivers/STM32F4xx_HAL_Driver/Src/stm32f4xx_hal_rcc.o
                0x080014cc                HAL_RCC_GetPCLK1Freq
 .text.HAL_RCC_GetPCLK2Freq
                0x080014f4       0x28 ./Drivers/STM32F4xx_HAL_Driver/Src/stm32f4xx_hal_rcc.o
                0x080014f4                HAL_RCC_GetPCLK2Freq
 .text.HAL_RCC_GetClockConfig
                0x0800151c       0x64 ./Drivers/STM32F4xx_HAL_Driver/Src/stm32f4xx_hal_rcc.o
                0x0800151c                HAL_RCC_GetClockConfig
 .text.HAL_RCC_GetSysClockFreq
                0x08001580      0x460 ./Drivers/STM32F4xx_HAL_Driver/Src/stm32f4xx_hal_rcc_ex.o
                0x08001580                HAL_RCC_GetSysClockFreq
 .text.HAL_RCC_OscConfig
                0x080019e0      0x53c ./Drivers/STM32F4xx_HAL_Driver/Src/stm32f4xx_hal_rcc_ex.o
                0x080019e0                HAL_RCC_OscConfig
 .text.HAL_TIM_Base_Init
                0x08001f1c       0x9e ./Drivers/STM32F4xx_HAL_Driver/Src/stm32f4xx_hal_tim.o
                0x08001f1c                HAL_TIM_Base_Init
 .text.HAL_TIM_Base_MspInit
                0x08001fba       0x14 ./Drivers/STM32F4xx_HAL_Driver/Src/stm32f4xx_hal_tim.o
                0x08001fba                HAL_TIM_Base_MspInit
 *fill*         0x08001fce        0x2 
 .text.HAL_TIM_Base_Start_IT
                0x08001fd0       0xe0 ./Drivers/STM32F4xx_HAL_Driver/Src/stm32f4xx_hal_tim.o
                0x08001fd0                HAL_TIM_Base_Start_IT
 .text.HAL_TIM_IRQHandler
                0x080020b0      0x1e0 ./Drivers/STM32F4xx_HAL_Driver/Src/stm32f4xx_hal_tim.o
                0x080020b0                HAL_TIM_IRQHandler
 .text.HAL_TIM_OC_DelayElapsedCallback
                0x08002290       0x14 ./Drivers/STM32F4xx_HAL_Driver/Src/stm32f4xx_hal_tim.o
                0x08002290                HAL_TIM_OC_DelayElapsedCallback
 .text.HAL_TIM_IC_CaptureCallback
                0x080022a4       0x14 ./Drivers/STM32F4xx_HAL_Driver/Src/stm32f4xx_hal_tim.o
                0x080022a4                HAL_TIM_IC_CaptureCallback
 .text.HAL_TIM_PWM_PulseFinishedCallback
                0x080022b8       0x14 ./Drivers/STM32F4xx_HAL_Driver/Src/stm32f4xx_hal_tim.o
                0x080022b8                HAL_TIM_PWM_PulseFinishedCallback
 .text.HAL_TIM_TriggerCallback
                0x080022cc       0x14 ./Drivers/STM32F4xx_HAL_Driver/Src/stm32f4xx_hal_tim.o
                0x080022cc                HAL_TIM_TriggerCallback
 .text.TIM_Base_SetConfig
                0x080022e0      0x14c ./Drivers/STM32F4xx_HAL_Driver/Src/stm32f4xx_hal_tim.o
                0x080022e0                TIM_Base_SetConfig
 .text.HAL_TIMEx_CommutCallback
                0x0800242c       0x14 ./Drivers/STM32F4xx_HAL_Driver/Src/stm32f4xx_hal_tim_ex.o
                0x0800242c                HAL_TIMEx_CommutCallback
 .text.HAL_TIMEx_BreakCallback
                0x08002440       0x14 ./Drivers/STM32F4xx_HAL_Driver/Src/stm32f4xx_hal_tim_ex.o
                0x08002440                HAL_TIMEx_BreakCallback
 .text.HAL_UART_Init
                0x08002454       0xa0 ./Drivers/STM32F4xx_HAL_Driver/Src/stm32f4xx_hal_uart.o
                0x08002454                HAL_UART_Init
 .text.UART_SetConfig
                0x080024f4      0x4e8 ./Drivers/STM32F4xx_HAL_Driver/Src/stm32f4xx_hal_uart.o
 .text.vListInitialise
                0x080029dc       0x46 ./Third_Party/list.o
                0x080029dc                vListInitialise
 .text.vListInitialiseItem
                0x08002a22       0x1a ./Third_Party/list.o
                0x08002a22                vListInitialiseItem
 .text.vListInsert
                0x08002a3c       0x86 ./Third_Party/list.o
                0x08002a3c                vListInsert
 .text.uxListRemove
                0x08002ac2       0x54 ./Third_Party/list.o
                0x08002ac2                uxListRemove
 *fill*         0x08002b16        0x2 
 .text.xQueueGenericReset
                0x08002b18      0x124 ./Third_Party/queue.o
                0x08002b18                xQueueGenericReset
 .text.xQueueGenericCreateStatic
                0x08002c3c       0xc2 ./Third_Party/queue.o
                0x08002c3c                xQueueGenericCreateStatic
 .text.prvInitialiseNewQueue
                0x08002cfe       0x3e ./Third_Party/queue.o
 .text.xQueueReceive
                0x08002d3c      0x1cc ./Third_Party/queue.o
                0x08002d3c                xQueueReceive
 .text.prvCopyDataFromQueue
                0x08002f08       0x4c ./Third_Party/queue.o
 .text.prvUnlockQueue
                0x08002f54       0xa4 ./Third_Party/queue.o
 .text.prvIsQueueEmpty
                0x08002ff8       0x2c ./Third_Party/queue.o
 .text.vQueueWaitForMessageRestricted
                0x08003024       0x6e ./Third_Party/queue.o
                0x08003024                vQueueWaitForMessageRestricted
 .text.prvCreateStaticTask
                0x08003092       0xc2 ./Third_Party/tasks.o
 .text.xTaskCreateStatic
                0x08003154       0x48 ./Third_Party/tasks.o
                0x08003154                xTaskCreateStatic
 .text.prvCreateTask
                0x0800319c       0x80 ./Third_Party/tasks.o
 .text.xTaskCreate
                0x0800321c       0x46 ./Third_Party/tasks.o
                0x0800321c                xTaskCreate
 .text.prvInitialiseNewTask
                0x08003262      0x14c ./Third_Party/tasks.o
 *fill*         0x080033ae        0x2 
 .text.prvAddNewTaskToReadyList
                0x080033b0      0x12c ./Third_Party/tasks.o
 .text.prvCreateIdleTasks
                0x080034dc       0xec ./Third_Party/tasks.o
 .text.vTaskStartScheduler
                0x080035c8       0x98 ./Third_Party/tasks.o
                0x080035c8                vTaskStartScheduler
 .text.vTaskSuspendAll
                0x08003660       0x1c ./Third_Party/tasks.o
                0x08003660                vTaskSuspendAll
 .text.xTaskResumeAll
                0x0800367c      0x22c ./Third_Party/tasks.o
                0x0800367c                xTaskResumeAll
 .text.xTaskGetTickCount
                0x080038a8       0x2c ./Third_Party/tasks.o
                0x080038a8                xTaskGetTickCount
 .text.xTaskIncrementTick
                0x080038d4      0x250 ./Third_Party/tasks.o
                0x080038d4                xTaskIncrementTick
 .text.vTaskSwitchContext
                0x08003b24       0xc0 ./Third_Party/tasks.o
                0x08003b24                vTaskSwitchContext
 .text.vTaskPlaceOnEventList
                0x08003be4       0x50 ./Third_Party/tasks.o
                0x08003be4                vTaskPlaceOnEventList
 .text.vTaskPlaceOnEventListRestricted
                0x08003c34       0x94 ./Third_Party/tasks.o
                0x08003c34                vTaskPlaceOnEventListRestricted
 .text.xTaskRemoveFromEventList
                0x08003cc8      0x1b8 ./Third_Party/tasks.o
                0x08003cc8                xTaskRemoveFromEventList
 .text.vTaskInternalSetTimeOutState
                0x08003e80       0x30 ./Third_Party/tasks.o
                0x08003e80                vTaskInternalSetTimeOutState
 .text.xTaskCheckForTimeOut
                0x08003eb0      0x114 ./Third_Party/tasks.o
                0x08003eb0                xTaskCheckForTimeOut
 .text.vTaskMissedYield
                0x08003fc4       0x18 ./Third_Party/tasks.o
                0x08003fc4                vTaskMissedYield
 .text.prvIdleTask
                0x08003fdc       0x30 ./Third_Party/tasks.o
 .text.prvInitialiseTaskLists
                0x0800400c       0x80 ./Third_Party/tasks.o
 .text.prvCheckTasksWaitingTermination
                0x0800408c       0x5c ./Third_Party/tasks.o
 .text.prvDeleteTCB
                0x080040e8       0x60 ./Third_Party/tasks.o
 .text.prvResetNextTaskUnblockTime
                0x08004148       0x40 ./Third_Party/tasks.o
 .text.xTaskGetSchedulerState
                0x08004188       0x3c ./Third_Party/tasks.o
                0x08004188                xTaskGetSchedulerState
 .text.prvAddCurrentTaskToDelayedList
                0x080041c4      0x114 ./Third_Party/tasks.o
 .text.vApplicationGetIdleTaskMemory
                0x080042d8       0x34 ./Third_Party/tasks.o
                0x080042d8                vApplicationGetIdleTaskMemory
 .text.vApplicationGetTimerTaskMemory
                0x0800430c       0x34 ./Third_Party/tasks.o
                0x0800430c                vApplicationGetTimerTaskMemory
 .text.xTimerCreateTimerTask
                0x08004340       0x94 ./Third_Party/timers.o
                0x08004340                xTimerCreateTimerTask
 .text.prvReloadTimer
                0x080043d4       0x6a ./Third_Party/timers.o
 *fill*         0x0800443e        0x2 
 .text.prvProcessExpiredTimer
                0x08004440       0x6c ./Third_Party/timers.o
 .text.prvTimerTask
                0x080044ac       0x2a ./Third_Party/timers.o
 *fill*         0x080044d6        0x2 
 .text.prvProcessTimerOrBlockTask
                0x080044d8       0xb8 ./Third_Party/timers.o
 .text.prvGetNextExpireTime
                0x08004590       0x58 ./Third_Party/timers.o
 .text.prvSampleTimeNow
                0x080045e8       0x50 ./Third_Party/timers.o
 .text.prvInsertTimerInActiveList
                0x08004638       0xac ./Third_Party/timers.o
 .text.prvProcessReceivedCommands
                0x080046e4      0x1f4 ./Third_Party/timers.o
 .text.prvSwitchTimerLists
                0x080048d8       0x54 ./Third_Party/timers.o
 .text.prvCheckForValidListAndQueue
                0x0800492c       0x68 ./Third_Party/timers.o
 .text.pxPortInitialiseStack
                0x08004994       0x68 ./Third_Party/portable/GCC/ARM_CM4F/port.o
                0x08004994                pxPortInitialiseStack
 .text.prvTaskExitError
                0x080049fc       0x5c ./Third_Party/portable/GCC/ARM_CM4F/port.o
 .text.vPortSVCHandler
                0x08004a58       0x24 ./Third_Party/portable/GCC/ARM_CM4F/port.o
                0x08004a58                vPortSVCHandler
 .text.prvPortStartFirstTask
                0x08004a7c       0x2c ./Third_Party/portable/GCC/ARM_CM4F/port.o
 .text.xPortStartScheduler
                0x08004aa8      0x1b8 ./Third_Party/portable/GCC/ARM_CM4F/port.o
                0x08004aa8                xPortStartScheduler
 .text.vPortEnterCritical
                0x08004c60       0x64 ./Third_Party/portable/GCC/ARM_CM4F/port.o
                0x08004c60                vPortEnterCritical
 .text.vPortExitCritical
                0x08004cc4       0x54 ./Third_Party/portable/GCC/ARM_CM4F/port.o
                0x08004cc4                vPortExitCritical
 .text.xPortPendSVHandler
                0x08004d18       0x64 ./Third_Party/portable/GCC/ARM_CM4F/port.o
                0x08004d18                xPortPendSVHandler
 .text.vPortSetupTimerInterrupt
                0x08004d7c       0x38 ./Third_Party/portable/GCC/ARM_CM4F/port.o
                0x08004d7c                vPortSetupTimerInterrupt
 .text.vPortEnableVFP
                0x08004db4       0x18 ./Third_Party/portable/GCC/ARM_CM4F/port.o
 .text.pvPortMalloc
                0x08004dcc      0x270 ./Third_Party/portable/MemMang/heap_4.o
                0x08004dcc                pvPortMalloc
 .text.vPortFree
                0x0800503c      0x10c ./Third_Party/portable/MemMang/heap_4.o
                0x0800503c                vPortFree
 .text.prvHeapInit
                0x08005148       0xb4 ./Third_Party/portable/MemMang/heap_4.o
 .text.prvInsertBlockIntoFreeList
                0x080051fc       0xf4 ./Third_Party/portable/MemMang/heap_4.o
 .text.std      0x080052f0       0x6c C:/ST/STM32CubeIDE_1.18.1/STM32CubeIDE/plugins/com.st.stm32cube.ide.mcu.externaltools.gnu-tools-for-stm32.13.3.rel1.win32_1.0.0.202411081344/tools/bin/../lib/gcc/arm-none-eabi/13.3.1/../../../../arm-none-eabi/lib/thumb/v7e-m+fp/hard\libc_nano.a(libc_a-findfp.o)
 .text.stdio_exit_handler
                0x0800535c       0x18 C:/ST/STM32CubeIDE_1.18.1/STM32CubeIDE/plugins/com.st.stm32cube.ide.mcu.externaltools.gnu-tools-for-stm32.13.3.rel1.win32_1.0.0.202411081344/tools/bin/../lib/gcc/arm-none-eabi/13.3.1/../../../../arm-none-eabi/lib/thumb/v7e-m+fp/hard\libc_nano.a(libc_a-findfp.o)
 .text.cleanup_stdio
                0x08005374       0x40 C:/ST/STM32CubeIDE_1.18.1/STM32CubeIDE/plugins/com.st.stm32cube.ide.mcu.externaltools.gnu-tools-for-stm32.13.3.rel1.win32_1.0.0.202411081344/tools/bin/../lib/gcc/arm-none-eabi/13.3.1/../../../../arm-none-eabi/lib/thumb/v7e-m+fp/hard\libc_nano.a(libc_a-findfp.o)
 .text.global_stdio_init.part.0
                0x080053b4       0x3c C:/ST/STM32CubeIDE_1.18.1/STM32CubeIDE/plugins/com.st.stm32cube.ide.mcu.externaltools.gnu-tools-for-stm32.13.3.rel1.win32_1.0.0.202411081344/tools/bin/../lib/gcc/arm-none-eabi/13.3.1/../../../../arm-none-eabi/lib/thumb/v7e-m+fp/hard\libc_nano.a(libc_a-findfp.o)
 .text.__sfp_lock_acquire
                0x080053f0        0xc C:/ST/STM32CubeIDE_1.18.1/STM32CubeIDE/plugins/com.st.stm32cube.ide.mcu.externaltools.gnu-tools-for-stm32.13.3.rel1.win32_1.0.0.202411081344/tools/bin/../lib/gcc/arm-none-eabi/13.3.1/../../../../arm-none-eabi/lib/thumb/v7e-m+fp/hard\libc_nano.a(libc_a-findfp.o)
                0x080053f0                __sfp_lock_acquire
 .text.__sfp_lock_release
                0x080053fc        0xc C:/ST/STM32CubeIDE_1.18.1/STM32CubeIDE/plugins/com.st.stm32cube.ide.mcu.externaltools.gnu-tools-for-stm32.13.3.rel1.win32_1.0.0.202411081344/tools/bin/../lib/gcc/arm-none-eabi/13.3.1/../../../../arm-none-eabi/lib/thumb/v7e-m+fp/hard\libc_nano.a(libc_a-findfp.o)
                0x080053fc                __sfp_lock_release
 .text.__sinit  0x08005408       0x30 C:/ST/STM32CubeIDE_1.18.1/STM32CubeIDE/plugins/com.st.stm32cube.ide.mcu.externaltools.gnu-tools-for-stm32.13.3.rel1.win32_1.0.0.202411081344/tools/bin/../lib/gcc/arm-none-eabi/13.3.1/../../../../arm-none-eabi/lib/thumb/v7e-m+fp/hard\libc_nano.a(libc_a-findfp.o)
                0x08005408                __sinit
 .text._fwalk_sglue
                0x08005438       0x3c C:/ST/STM32CubeIDE_1.18.1/STM32CubeIDE/plugins/com.st.stm32cube.ide.mcu.externaltools.gnu-tools-for-stm32.13.3.rel1.win32_1.0.0.202411081344/tools/bin/../lib/gcc/arm-none-eabi/13.3.1/../../../../arm-none-eabi/lib/thumb/v7e-m+fp/hard\libc_nano.a(libc_a-fwalk.o)
                0x08005438                _fwalk_sglue
 .text._puts_r  0x08005474       0xaa C:/ST/STM32CubeIDE_1.18.1/STM32CubeIDE/plugins/com.st.stm32cube.ide.mcu.externaltools.gnu-tools-for-stm32.13.3.rel1.win32_1.0.0.202411081344/tools/bin/../lib/gcc/arm-none-eabi/13.3.1/../../../../arm-none-eabi/lib/thumb/v7e-m+fp/hard\libc_nano.a(libc_a-puts.o)
                0x08005474                _puts_r
 *fill*         0x0800551e        0x2 
 .text.puts     0x08005520       0x10 C:/ST/STM32CubeIDE_1.18.1/STM32CubeIDE/plugins/com.st.stm32cube.ide.mcu.externaltools.gnu-tools-for-stm32.13.3.rel1.win32_1.0.0.202411081344/tools/bin/../lib/gcc/arm-none-eabi/13.3.1/../../../../arm-none-eabi/lib/thumb/v7e-m+fp/hard\libc_nano.a(libc_a-puts.o)
                0x08005520                puts
 .text.__sread  0x08005530       0x22 C:/ST/STM32CubeIDE_1.18.1/STM32CubeIDE/plugins/com.st.stm32cube.ide.mcu.externaltools.gnu-tools-for-stm32.13.3.rel1.win32_1.0.0.202411081344/tools/bin/../lib/gcc/arm-none-eabi/13.3.1/../../../../arm-none-eabi/lib/thumb/v7e-m+fp/hard\libc_nano.a(libc_a-stdio.o)
                0x08005530                __sread
 .text.__swrite
                0x08005552       0x38 C:/ST/STM32CubeIDE_1.18.1/STM32CubeIDE/plugins/com.st.stm32cube.ide.mcu.externaltools.gnu-tools-for-stm32.13.3.rel1.win32_1.0.0.202411081344/tools/bin/../lib/gcc/arm-none-eabi/13.3.1/../../../../arm-none-eabi/lib/thumb/v7e-m+fp/hard\libc_nano.a(libc_a-stdio.o)
                0x08005552                __swrite
 .text.__sseek  0x0800558a       0x24 C:/ST/STM32CubeIDE_1.18.1/STM32CubeIDE/plugins/com.st.stm32cube.ide.mcu.externaltools.gnu-tools-for-stm32.13.3.rel1.win32_1.0.0.202411081344/tools/bin/../lib/gcc/arm-none-eabi/13.3.1/../../../../arm-none-eabi/lib/thumb/v7e-m+fp/hard\libc_nano.a(libc_a-stdio.o)
                0x0800558a                __sseek
 .text.__sclose
                0x080055ae        0x8 C:/ST/STM32CubeIDE_1.18.1/STM32CubeIDE/plugins/com.st.stm32cube.ide.mcu.externaltools.gnu-tools-for-stm32.13.3.rel1.win32_1.0.0.202411081344/tools/bin/../lib/gcc/arm-none-eabi/13.3.1/../../../../arm-none-eabi/lib/thumb/v7e-m+fp/hard\libc_nano.a(libc_a-stdio.o)
                0x080055ae                __sclose
 .text.__swbuf_r
                0x080055b6       0x7c C:/ST/STM32CubeIDE_1.18.1/STM32CubeIDE/plugins/com.st.stm32cube.ide.mcu.externaltools.gnu-tools-for-stm32.13.3.rel1.win32_1.0.0.202411081344/tools/bin/../lib/gcc/arm-none-eabi/13.3.1/../../../../arm-none-eabi/lib/thumb/v7e-m+fp/hard\libc_nano.a(libc_a-wbuf.o)
                0x080055b6                __swbuf_r
 *fill*         0x08005632        0x2 
 .text.__swsetup_r
                0x08005634       0xac C:/ST/STM32CubeIDE_1.18.1/STM32CubeIDE/plugins/com.st.stm32cube.ide.mcu.externaltools.gnu-tools-for-stm32.13.3.rel1.win32_1.0.0.202411081344/tools/bin/../lib/gcc/arm-none-eabi/13.3.1/../../../../arm-none-eabi/lib/thumb/v7e-m+fp/hard\libc_nano.a(libc_a-wsetup.o)
                0x08005634                __swsetup_r
 .text.memset   0x080056e0       0x10 C:/ST/STM32CubeIDE_1.18.1/STM32CubeIDE/plugins/com.st.stm32cube.ide.mcu.externaltools.gnu-tools-for-stm32.13.3.rel1.win32_1.0.0.202411081344/tools/bin/../lib/gcc/arm-none-eabi/13.3.1/../../../../arm-none-eabi/lib/thumb/v7e-m+fp/hard\libc_nano.a(libc_a-memset.o)
                0x080056e0                memset
 .text._close_r
                0x080056f0       0x20 C:/ST/STM32CubeIDE_1.18.1/STM32CubeIDE/plugins/com.st.stm32cube.ide.mcu.externaltools.gnu-tools-for-stm32.13.3.rel1.win32_1.0.0.202411081344/tools/bin/../lib/gcc/arm-none-eabi/13.3.1/../../../../arm-none-eabi/lib/thumb/v7e-m+fp/hard\libc_nano.a(libc_a-closer.o)
                0x080056f0                _close_r
 .text._lseek_r
                0x08005710       0x24 C:/ST/STM32CubeIDE_1.18.1/STM32CubeIDE/plugins/com.st.stm32cube.ide.mcu.externaltools.gnu-tools-for-stm32.13.3.rel1.win32_1.0.0.202411081344/tools/bin/../lib/gcc/arm-none-eabi/13.3.1/../../../../arm-none-eabi/lib/thumb/v7e-m+fp/hard\libc_nano.a(libc_a-lseekr.o)
                0x08005710                _lseek_r
 .text._read_r  0x08005734       0x24 C:/ST/STM32CubeIDE_1.18.1/STM32CubeIDE/plugins/com.st.stm32cube.ide.mcu.externaltools.gnu-tools-for-stm32.13.3.rel1.win32_1.0.0.202411081344/tools/bin/../lib/gcc/arm-none-eabi/13.3.1/../../../../arm-none-eabi/lib/thumb/v7e-m+fp/hard\libc_nano.a(libc_a-readr.o)
                0x08005734                _read_r
 .text._write_r
                0x08005758       0x24 C:/ST/STM32CubeIDE_1.18.1/STM32CubeIDE/plugins/com.st.stm32cube.ide.mcu.externaltools.gnu-tools-for-stm32.13.3.rel1.win32_1.0.0.202411081344/tools/bin/../lib/gcc/arm-none-eabi/13.3.1/../../../../arm-none-eabi/lib/thumb/v7e-m+fp/hard\libc_nano.a(libc_a-writer.o)
                0x08005758                _write_r
 .text.__errno  0x0800577c        0xc C:/ST/STM32CubeIDE_1.18.1/STM32CubeIDE/plugins/com.st.stm32cube.ide.mcu.externaltools.gnu-tools-for-stm32.13.3.rel1.win32_1.0.0.202411081344/tools/bin/../lib/gcc/arm-none-eabi/13.3.1/../../../../arm-none-eabi/lib/thumb/v7e-m+fp/hard\libc_nano.a(libc_a-errno.o)
                0x0800577c                __errno
 .text.__libc_init_array
                0x08005788       0x48 C:/ST/STM32CubeIDE_1.18.1/STM32CubeIDE/plugins/com.st.stm32cube.ide.mcu.externaltools.gnu-tools-for-stm32.13.3.rel1.win32_1.0.0.202411081344/tools/bin/../lib/gcc/arm-none-eabi/13.3.1/../../../../arm-none-eabi/lib/thumb/v7e-m+fp/hard\libc_nano.a(libc_a-init.o)
                0x08005788                __libc_init_array
 .text.__retarget_lock_init_recursive
                0x080057d0        0x2 C:/ST/STM32CubeIDE_1.18.1/STM32CubeIDE/plugins/com.st.stm32cube.ide.mcu.externaltools.gnu-tools-for-stm32.13.3.rel1.win32_1.0.0.202411081344/tools/bin/../lib/gcc/arm-none-eabi/13.3.1/../../../../arm-none-eabi/lib/thumb/v7e-m+fp/hard\libc_nano.a(libc_a-lock.o)
                0x080057d0                __retarget_lock_init_recursive
 .text.__retarget_lock_acquire_recursive
                0x080057d2        0x2 C:/ST/STM32CubeIDE_1.18.1/STM32CubeIDE/plugins/com.st.stm32cube.ide.mcu.externaltools.gnu-tools-for-stm32.13.3.rel1.win32_1.0.0.202411081344/tools/bin/../lib/gcc/arm-none-eabi/13.3.1/../../../../arm-none-eabi/lib/thumb/v7e-m+fp/hard\libc_nano.a(libc_a-lock.o)
                0x080057d2                __retarget_lock_acquire_recursive
 .text.__retarget_lock_release_recursive
                0x080057d4        0x2 C:/ST/STM32CubeIDE_1.18.1/STM32CubeIDE/plugins/com.st.stm32cube.ide.mcu.externaltools.gnu-tools-for-stm32.13.3.rel1.win32_1.0.0.202411081344/tools/bin/../lib/gcc/arm-none-eabi/13.3.1/../../../../arm-none-eabi/lib/thumb/v7e-m+fp/hard\libc_nano.a(libc_a-lock.o)
                0x080057d4                __retarget_lock_release_recursive
 .text.memcpy   0x080057d6       0x1c C:/ST/STM32CubeIDE_1.18.1/STM32CubeIDE/plugins/com.st.stm32cube.ide.mcu.externaltools.gnu-tools-for-stm32.13.3.rel1.win32_1.0.0.202411081344/tools/bin/../lib/gcc/arm-none-eabi/13.3.1/../../../../arm-none-eabi/lib/thumb/v7e-m+fp/hard\libc_nano.a(libc_a-memcpy-stub.o)
                0x080057d6                memcpy
 *fill*         0x080057f2        0x2 
 .text._free_r  0x080057f4       0x94 C:/ST/STM32CubeIDE_1.18.1/STM32CubeIDE/plugins/com.st.stm32cube.ide.mcu.externaltools.gnu-tools-for-stm32.13.3.rel1.win32_1.0.0.202411081344/tools/bin/../lib/gcc/arm-none-eabi/13.3.1/../../../../arm-none-eabi/lib/thumb/v7e-m+fp/hard\libc_nano.a(libc_a-freer.o)
                0x080057f4                _free_r
 .text.sbrk_aligned
                0x08005888       0x44 C:/ST/STM32CubeIDE_1.18.1/STM32CubeIDE/plugins/com.st.stm32cube.ide.mcu.externaltools.gnu-tools-for-stm32.13.3.rel1.win32_1.0.0.202411081344/tools/bin/../lib/gcc/arm-none-eabi/13.3.1/../../../../arm-none-eabi/lib/thumb/v7e-m+fp/hard\libc_nano.a(libc_a-mallocr.o)
 .text._malloc_r
                0x080058cc      0x100 C:/ST/STM32CubeIDE_1.18.1/STM32CubeIDE/plugins/com.st.stm32cube.ide.mcu.externaltools.gnu-tools-for-stm32.13.3.rel1.win32_1.0.0.202411081344/tools/bin/../lib/gcc/arm-none-eabi/13.3.1/../../../../arm-none-eabi/lib/thumb/v7e-m+fp/hard\libc_nano.a(libc_a-mallocr.o)
                0x080058cc                _malloc_r
 .text.__malloc_lock
                0x080059cc        0xc C:/ST/STM32CubeIDE_1.18.1/STM32CubeIDE/plugins/com.st.stm32cube.ide.mcu.externaltools.gnu-tools-for-stm32.13.3.rel1.win32_1.0.0.202411081344/tools/bin/../lib/gcc/arm-none-eabi/13.3.1/../../../../arm-none-eabi/lib/thumb/v7e-m+fp/hard\libc_nano.a(libc_a-mlock.o)
                0x080059cc                __malloc_lock
 .text.__malloc_unlock
                0x080059d8        0xc C:/ST/STM32CubeIDE_1.18.1/STM32CubeIDE/plugins/com.st.stm32cube.ide.mcu.externaltools.gnu-tools-for-stm32.13.3.rel1.win32_1.0.0.202411081344/tools/bin/../lib/gcc/arm-none-eabi/13.3.1/../../../../arm-none-eabi/lib/thumb/v7e-m+fp/hard\libc_nano.a(libc_a-mlock.o)
                0x080059d8                __malloc_unlock
 .text.__sflush_r
                0x080059e4      0x108 C:/ST/STM32CubeIDE_1.18.1/STM32CubeIDE/plugins/com.st.stm32cube.ide.mcu.externaltools.gnu-tools-for-stm32.13.3.rel1.win32_1.0.0.202411081344/tools/bin/../lib/gcc/arm-none-eabi/13.3.1/../../../../arm-none-eabi/lib/thumb/v7e-m+fp/hard\libc_nano.a(libc_a-fflush.o)
                0x080059e4                __sflush_r
 .text._fflush_r
                0x08005aec       0x50 C:/ST/STM32CubeIDE_1.18.1/STM32CubeIDE/plugins/com.st.stm32cube.ide.mcu.externaltools.gnu-tools-for-stm32.13.3.rel1.win32_1.0.0.202411081344/tools/bin/../lib/gcc/arm-none-eabi/13.3.1/../../../../arm-none-eabi/lib/thumb/v7e-m+fp/hard\libc_nano.a(libc_a-fflush.o)
                0x08005aec                _fflush_r
 .text.__swhatbuf_r
                0x08005b3c       0x4c C:/ST/STM32CubeIDE_1.18.1/STM32CubeIDE/plugins/com.st.stm32cube.ide.mcu.externaltools.gnu-tools-for-stm32.13.3.rel1.win32_1.0.0.202411081344/tools/bin/../lib/gcc/arm-none-eabi/13.3.1/../../../../arm-none-eabi/lib/thumb/v7e-m+fp/hard\libc_nano.a(libc_a-makebuf.o)
                0x08005b3c                __swhatbuf_r
 .text.__smakebuf_r
                0x08005b88       0x78 C:/ST/STM32CubeIDE_1.18.1/STM32CubeIDE/plugins/com.st.stm32cube.ide.mcu.externaltools.gnu-tools-for-stm32.13.3.rel1.win32_1.0.0.202411081344/tools/bin/../lib/gcc/arm-none-eabi/13.3.1/../../../../arm-none-eabi/lib/thumb/v7e-m+fp/hard\libc_nano.a(libc_a-makebuf.o)
                0x08005b88                __smakebuf_r
 .text._fstat_r
                0x08005c00       0x24 C:/ST/STM32CubeIDE_1.18.1/STM32CubeIDE/plugins/com.st.stm32cube.ide.mcu.externaltools.gnu-tools-for-stm32.13.3.rel1.win32_1.0.0.202411081344/tools/bin/../lib/gcc/arm-none-eabi/13.3.1/../../../../arm-none-eabi/lib/thumb/v7e-m+fp/hard\libc_nano.a(libc_a-fstatr.o)
                0x08005c00                _fstat_r
 .text._isatty_r
                0x08005c24       0x20 C:/ST/STM32CubeIDE_1.18.1/STM32CubeIDE/plugins/com.st.stm32cube.ide.mcu.externaltools.gnu-tools-for-stm32.13.3.rel1.win32_1.0.0.202411081344/tools/bin/../lib/gcc/arm-none-eabi/13.3.1/../../../../arm-none-eabi/lib/thumb/v7e-m+fp/hard\libc_nano.a(libc_a-isattyr.o)
                0x08005c24                _isatty_r
 .text._sbrk_r  0x08005c44       0x20 C:/ST/STM32CubeIDE_1.18.1/STM32CubeIDE/plugins/com.st.stm32cube.ide.mcu.externaltools.gnu-tools-for-stm32.13.3.rel1.win32_1.0.0.202411081344/tools/bin/../lib/gcc/arm-none-eabi/13.3.1/../../../../arm-none-eabi/lib/thumb/v7e-m+fp/hard\libc_nano.a(libc_a-sbrkr.o)
                0x08005c44                _sbrk_r
 *(.glue_7)
 .glue_7        0x08005c64        0x0 linker stubs
 *(.glue_7t)
 .glue_7t       0x08005c64        0x0 linker stubs
 *(.eh_frame)
 .eh_frame      0x08005c64        0x0 C:/ST/STM32CubeIDE_1.18.1/STM32CubeIDE/plugins/com.st.stm32cube.ide.mcu.externaltools.gnu-tools-for-stm32.13.3.rel1.win32_1.0.0.202411081344/tools/bin/../lib/gcc/arm-none-eabi/13.3.1/thumb/v7e-m+fp/hard/crtbegin.o
 *(.init)
 .init          0x08005c64        0x4 C:/ST/STM32CubeIDE_1.18.1/STM32CubeIDE/plugins/com.st.stm32cube.ide.mcu.externaltools.gnu-tools-for-stm32.13.3.rel1.win32_1.0.0.202411081344/tools/bin/../lib/gcc/arm-none-eabi/13.3.1/thumb/v7e-m+fp/hard/crti.o
                0x08005c64                _init
 .init          0x08005c68        0x8 C:/ST/STM32CubeIDE_1.18.1/STM32CubeIDE/plugins/com.st.stm32cube.ide.mcu.externaltools.gnu-tools-for-stm32.13.3.rel1.win32_1.0.0.202411081344/tools/bin/../lib/gcc/arm-none-eabi/13.3.1/thumb/v7e-m+fp/hard/crtn.o
 *(.fini)
 .fini          0x08005c70        0x4 C:/ST/STM32CubeIDE_1.18.1/STM32CubeIDE/plugins/com.st.stm32cube.ide.mcu.externaltools.gnu-tools-for-stm32.13.3.rel1.win32_1.0.0.202411081344/tools/bin/../lib/gcc/arm-none-eabi/13.3.1/thumb/v7e-m+fp/hard/crti.o
                0x08005c70                _fini
 .fini          0x08005c74        0x8 C:/ST/STM32CubeIDE_1.18.1/STM32CubeIDE/plugins/com.st.stm32cube.ide.mcu.externaltools.gnu-tools-for-stm32.13.3.rel1.win32_1.0.0.202411081344/tools/bin/../lib/gcc/arm-none-eabi/13.3.1/thumb/v7e-m+fp/hard/crtn.o
                0x08005c7c                        . = ALIGN (0x4)
                0x08005c7c                        _etext = .

.vfp11_veneer   0x08005c7c        0x0
 .vfp11_veneer  0x08005c7c        0x0 linker stubs

.v4_bx          0x08005c7c        0x0
 .v4_bx         0x08005c7c        0x0 linker stubs

.iplt           0x08005c7c        0x0
 .iplt          0x08005c7c        0x0 C:/ST/STM32CubeIDE_1.18.1/STM32CubeIDE/plugins/com.st.stm32cube.ide.mcu.externaltools.gnu-tools-for-stm32.13.3.rel1.win32_1.0.0.202411081344/tools/bin/../lib/gcc/arm-none-eabi/13.3.1/thumb/v7e-m+fp/hard/crtbegin.o

.rodata         0x08005c7c       0x74
                0x08005c7c                        . = ALIGN (0x4)
 *(.rodata)
 .rodata        0x08005c7c       0x46 ./Core/Src/main.o
 *fill*         0x08005cc2        0x2 
 .rodata        0x08005cc4        0x5 ./Third_Party/tasks.o
 *fill*         0x08005cc9        0x3 
 .rodata        0x08005ccc        0x8 ./Third_Party/timers.o
 *(.rodata*)
 .rodata.AHBPrescTable
                0x08005cd4       0x10 ./Core/Src/system_stm32f4xx.o
                0x08005cd4                AHBPrescTable
 .rodata.APBPrescTable
                0x08005ce4        0x8 ./Core/Src/system_stm32f4xx.o
                0x08005ce4                APBPrescTable
 .rodata.uxTopUsedPriority
                0x08005cec        0x4 ./Third_Party/tasks.o
                0x08005cf0                        . = ALIGN (0x4)

.ARM.extab      0x08005cf0        0x0
                0x08005cf0                        . = ALIGN (0x4)
 *(.ARM.extab* .gnu.linkonce.armextab.*)
                0x08005cf0                        . = ALIGN (0x4)

.ARM            0x08005cf0        0x8
                0x08005cf0                        . = ALIGN (0x4)
                0x08005cf0                        __exidx_start = .
 *(.ARM.exidx*)
 .ARM.exidx     0x08005cf0        0x8 C:/ST/STM32CubeIDE_1.18.1/STM32CubeIDE/plugins/com.st.stm32cube.ide.mcu.externaltools.gnu-tools-for-stm32.13.3.rel1.win32_1.0.0.202411081344/tools/bin/../lib/gcc/arm-none-eabi/13.3.1/thumb/v7e-m+fp/hard\libgcc.a(_udivmoddi4.o)
                0x08005cf8                        __exidx_end = .
                0x08005cf8                        . = ALIGN (0x4)

.preinit_array  0x08005cf8        0x0
                0x08005cf8                        . = ALIGN (0x4)
                0x08005cf8                        PROVIDE (__preinit_array_start = .)
 *(.preinit_array*)
                0x08005cf8                        PROVIDE (__preinit_array_end = .)
                0x08005cf8                        . = ALIGN (0x4)

.init_array     0x08005cf8        0x4
                0x08005cf8                        . = ALIGN (0x4)
                0x08005cf8                        PROVIDE (__init_array_start = .)
 *(SORT_BY_NAME(.init_array.*))
 *(.init_array*)
 .init_array    0x08005cf8        0x4 C:/ST/STM32CubeIDE_1.18.1/STM32CubeIDE/plugins/com.st.stm32cube.ide.mcu.externaltools.gnu-tools-for-stm32.13.3.rel1.win32_1.0.0.202411081344/tools/bin/../lib/gcc/arm-none-eabi/13.3.1/thumb/v7e-m+fp/hard/crtbegin.o
                0x08005cfc                        PROVIDE (__init_array_end = .)
                0x08005cfc                        . = ALIGN (0x4)

.fini_array     0x08005cfc        0x4
                0x08005cfc                        . = ALIGN (0x4)
                [!provide]                        PROVIDE (__fini_array_start = .)
 *(SORT_BY_NAME(.fini_array.*))
 *(.fini_array*)
 .fini_array    0x08005cfc        0x4 C:/ST/STM32CubeIDE_1.18.1/STM32CubeIDE/plugins/com.st.stm32cube.ide.mcu.externaltools.gnu-tools-for-stm32.13.3.rel1.win32_1.0.0.202411081344/tools/bin/../lib/gcc/arm-none-eabi/13.3.1/thumb/v7e-m+fp/hard/crtbegin.o
                [!provide]                        PROVIDE (__fini_array_end = .)
                0x08005d00                        . = ALIGN (0x4)
                0x08005d00                        _sidata = LOADADDR (.data)

.rel.dyn        0x08005d00        0x0
 .rel.iplt      0x08005d00        0x0 C:/ST/STM32CubeIDE_1.18.1/STM32CubeIDE/plugins/com.st.stm32cube.ide.mcu.externaltools.gnu-tools-for-stm32.13.3.rel1.win32_1.0.0.202411081344/tools/bin/../lib/gcc/arm-none-eabi/13.3.1/thumb/v7e-m+fp/hard/crtbegin.o

.data           0x20000000       0x6c load address 0x08005d00
                0x20000000                        . = ALIGN (0x4)
                0x20000000                        _sdata = .
 *(.data)
 *(.data*)
 .data.SystemCoreClock
                0x20000000        0x4 ./Core/Src/system_stm32f4xx.o
                0x20000000                SystemCoreClock
 .data.uwTickPrio
                0x20000004        0x4 ./Drivers/STM32F4xx_HAL_Driver/Src/stm32f4xx_hal.o
                0x20000004                uwTickPrio
 .data.uwTickFreq
                0x20000008        0x1 ./Drivers/STM32F4xx_HAL_Driver/Src/stm32f4xx_hal.o
                0x20000008                uwTickFreq
 *fill*         0x20000009        0x3 
 .data.uxCriticalNesting
                0x2000000c        0x4 ./Third_Party/portable/GCC/ARM_CM4F/port.o
 .data.__sglue  0x20000010        0xc C:/ST/STM32CubeIDE_1.18.1/STM32CubeIDE/plugins/com.st.stm32cube.ide.mcu.externaltools.gnu-tools-for-stm32.13.3.rel1.win32_1.0.0.202411081344/tools/bin/../lib/gcc/arm-none-eabi/13.3.1/../../../../arm-none-eabi/lib/thumb/v7e-m+fp/hard\libc_nano.a(libc_a-findfp.o)
                0x20000010                __sglue
 .data._impure_ptr
                0x2000001c        0x4 C:/ST/STM32CubeIDE_1.18.1/STM32CubeIDE/plugins/com.st.stm32cube.ide.mcu.externaltools.gnu-tools-for-stm32.13.3.rel1.win32_1.0.0.202411081344/tools/bin/../lib/gcc/arm-none-eabi/13.3.1/../../../../arm-none-eabi/lib/thumb/v7e-m+fp/hard\libc_nano.a(libc_a-impure.o)
                0x2000001c                _impure_ptr
 .data._impure_data
                0x20000020       0x4c C:/ST/STM32CubeIDE_1.18.1/STM32CubeIDE/plugins/com.st.stm32cube.ide.mcu.externaltools.gnu-tools-for-stm32.13.3.rel1.win32_1.0.0.202411081344/tools/bin/../lib/gcc/arm-none-eabi/13.3.1/../../../../arm-none-eabi/lib/thumb/v7e-m+fp/hard\libc_nano.a(libc_a-impure.o)
                0x20000020                _impure_data
 *(.RamFunc)
 *(.RamFunc*)
                0x2000006c                        . = ALIGN (0x4)
                0x2000006c                        _edata = .

.igot.plt       0x2000006c        0x0 load address 0x08005d6c
 .igot.plt      0x2000006c        0x0 C:/ST/STM32CubeIDE_1.18.1/STM32CubeIDE/plugins/com.st.stm32cube.ide.mcu.externaltools.gnu-tools-for-stm32.13.3.rel1.win32_1.0.0.202411081344/tools/bin/../lib/gcc/arm-none-eabi/13.3.1/thumb/v7e-m+fp/hard/crtbegin.o
                0x2000006c                        . = ALIGN (0x4)

.bss            0x20000070     0x19b0 load address 0x08005d6c
                0x20000070                        _sbss = .
                0x20000070                        __bss_start__ = _sbss
 *(.bss)
 .bss           0x20000070       0x1c C:/ST/STM32CubeIDE_1.18.1/STM32CubeIDE/plugins/com.st.stm32cube.ide.mcu.externaltools.gnu-tools-for-stm32.13.3.rel1.win32_1.0.0.202411081344/tools/bin/../lib/gcc/arm-none-eabi/13.3.1/thumb/v7e-m+fp/hard/crtbegin.o
 *(.bss*)
 .bss.huart2    0x2000008c       0x48 ./Core/Src/main.o
                0x2000008c                huart2
 .bss.htim6     0x200000d4       0x48 ./Core/Src/stm32f4xx_hal_timebase_tim.o
                0x200000d4                htim6
 .bss.__sbrk_heap_end
                0x2000011c        0x4 ./Core/Src/sysmem.o
 .bss.uwTick    0x20000120        0x4 ./Drivers/STM32F4xx_HAL_Driver/Src/stm32f4xx_hal.o
                0x20000120                uwTick
 .bss.pxCurrentTCB
                0x20000124        0x4 ./Third_Party/tasks.o
                0x20000124                pxCurrentTCB
 .bss.pxReadyTasksLists
                0x20000128       0x78 ./Third_Party/tasks.o
 .bss.xDelayedTaskList1
                0x200001a0       0x18 ./Third_Party/tasks.o
 .bss.xDelayedTaskList2
                0x200001b8       0x18 ./Third_Party/tasks.o
 .bss.pxDelayedTaskList
                0x200001d0        0x4 ./Third_Party/tasks.o
 .bss.pxOverflowDelayedTaskList
                0x200001d4        0x4 ./Third_Party/tasks.o
 .bss.xPendingReadyList
                0x200001d8       0x18 ./Third_Party/tasks.o
 .bss.xTasksWaitingTermination
                0x200001f0       0x18 ./Third_Party/tasks.o
 .bss.uxDeletedTasksWaitingCleanUp
                0x20000208        0x4 ./Third_Party/tasks.o
 *fill*         0x2000020c        0x4 
 .bss.xSuspendedTaskList
                0x20000210       0x18 ./Third_Party/tasks.o
 .bss.uxCurrentNumberOfTasks
                0x20000228        0x4 ./Third_Party/tasks.o
 *fill*         0x2000022c        0x4 
 .bss.xTickCount
                0x20000230        0x8 ./Third_Party/tasks.o
 .bss.uxTopReadyPriority
                0x20000238        0x4 ./Third_Party/tasks.o
 .bss.xSchedulerRunning
                0x2000023c        0x4 ./Third_Party/tasks.o
 .bss.xPendedTicks
                0x20000240        0x8 ./Third_Party/tasks.o
 .bss.xYieldPendings
                0x20000248        0x4 ./Third_Party/tasks.o
 .bss.xNumOfOverflows
                0x2000024c        0x4 ./Third_Party/tasks.o
 .bss.uxTaskNumber
                0x20000250        0x4 ./Third_Party/tasks.o
 *fill*         0x20000254        0x4 
 .bss.xNextTaskUnblockTime
                0x20000258        0x8 ./Third_Party/tasks.o
 .bss.xIdleTaskHandles
                0x20000260        0x4 ./Third_Party/tasks.o
 .bss.uxSchedulerSuspended
                0x20000264        0x4 ./Third_Party/tasks.o
 .bss.xIdleTaskTCB.3
                0x20000268       0x60 ./Third_Party/tasks.o
 .bss.uxIdleTaskStack.2
                0x200002c8      0x200 ./Third_Party/tasks.o
 .bss.xTimerTaskTCB.1
                0x200004c8       0x60 ./Third_Party/tasks.o
 .bss.uxTimerTaskStack.0
                0x20000528      0x200 ./Third_Party/tasks.o
 .bss.xActiveTimerList1
                0x20000728       0x18 ./Third_Party/timers.o
 .bss.xActiveTimerList2
                0x20000740       0x18 ./Third_Party/timers.o
 .bss.pxCurrentTimerList
                0x20000758        0x4 ./Third_Party/timers.o
 .bss.pxOverflowTimerList
                0x2000075c        0x4 ./Third_Party/timers.o
 .bss.xTimerQueue
                0x20000760        0x4 ./Third_Party/timers.o
 .bss.xTimerTaskHandle
                0x20000764        0x4 ./Third_Party/timers.o
 .bss.xLastTime.2
                0x20000768        0x8 ./Third_Party/timers.o
 .bss.ucStaticTimerQueueStorage.1
                0x20000770       0xf0 ./Third_Party/timers.o
 .bss.xStaticTimerQueue.0
                0x20000860       0x50 ./Third_Party/timers.o
 .bss.ucMaxSysCallPriority
                0x200008b0        0x1 ./Third_Party/portable/GCC/ARM_CM4F/port.o
 *fill*         0x200008b1        0x3 
 .bss.ulMaxPRIGROUPValue
                0x200008b4        0x4 ./Third_Party/portable/GCC/ARM_CM4F/port.o
 .bss.ucHeap    0x200008b8     0x1000 ./Third_Party/portable/MemMang/heap_4.o
 .bss.xStart    0x200018b8        0x8 ./Third_Party/portable/MemMang/heap_4.o
 .bss.pxEnd     0x200018c0        0x4 ./Third_Party/portable/MemMang/heap_4.o
 .bss.xFreeBytesRemaining
                0x200018c4        0x4 ./Third_Party/portable/MemMang/heap_4.o
 .bss.xMinimumEverFreeBytesRemaining
                0x200018c8        0x4 ./Third_Party/portable/MemMang/heap_4.o
 .bss.xNumberOfSuccessfulAllocations
                0x200018cc        0x4 ./Third_Party/portable/MemMang/heap_4.o
 .bss.xNumberOfSuccessfulFrees
                0x200018d0        0x4 ./Third_Party/portable/MemMang/heap_4.o
 .bss.__sf      0x200018d4      0x138 C:/ST/STM32CubeIDE_1.18.1/STM32CubeIDE/plugins/com.st.stm32cube.ide.mcu.externaltools.gnu-tools-for-stm32.13.3.rel1.win32_1.0.0.202411081344/tools/bin/../lib/gcc/arm-none-eabi/13.3.1/../../../../arm-none-eabi/lib/thumb/v7e-m+fp/hard\libc_nano.a(libc_a-findfp.o)
                0x200018d4                __sf
 .bss.__stdio_exit_handler
                0x20001a0c        0x4 C:/ST/STM32CubeIDE_1.18.1/STM32CubeIDE/plugins/com.st.stm32cube.ide.mcu.externaltools.gnu-tools-for-stm32.13.3.rel1.win32_1.0.0.202411081344/tools/bin/../lib/gcc/arm-none-eabi/13.3.1/../../../../arm-none-eabi/lib/thumb/v7e-m+fp/hard\libc_nano.a(libc_a-findfp.o)
                0x20001a0c                __stdio_exit_handler
 .bss.errno     0x20001a10        0x4 C:/ST/STM32CubeIDE_1.18.1/STM32CubeIDE/plugins/com.st.stm32cube.ide.mcu.externaltools.gnu-tools-for-stm32.13.3.rel1.win32_1.0.0.202411081344/tools/bin/../lib/gcc/arm-none-eabi/13.3.1/../../../../arm-none-eabi/lib/thumb/v7e-m+fp/hard\libc_nano.a(libc_a-reent.o)
                0x20001a10                errno
 .bss.__lock___malloc_recursive_mutex
                0x20001a14        0x1 C:/ST/STM32CubeIDE_1.18.1/STM32CubeIDE/plugins/com.st.stm32cube.ide.mcu.externaltools.gnu-tools-for-stm32.13.3.rel1.win32_1.0.0.202411081344/tools/bin/../lib/gcc/arm-none-eabi/13.3.1/../../../../arm-none-eabi/lib/thumb/v7e-m+fp/hard\libc_nano.a(libc_a-lock.o)
                0x20001a14                __lock___malloc_recursive_mutex
 .bss.__lock___sfp_recursive_mutex
                0x20001a15        0x1 C:/ST/STM32CubeIDE_1.18.1/STM32CubeIDE/plugins/com.st.stm32cube.ide.mcu.externaltools.gnu-tools-for-stm32.13.3.rel1.win32_1.0.0.202411081344/tools/bin/../lib/gcc/arm-none-eabi/13.3.1/../../../../arm-none-eabi/lib/thumb/v7e-m+fp/hard\libc_nano.a(libc_a-lock.o)
                0x20001a15                __lock___sfp_recursive_mutex
 *fill*         0x20001a16        0x2 
 .bss.__malloc_sbrk_start
                0x20001a18        0x4 C:/ST/STM32CubeIDE_1.18.1/STM32CubeIDE/plugins/com.st.stm32cube.ide.mcu.externaltools.gnu-tools-for-stm32.13.3.rel1.win32_1.0.0.202411081344/tools/bin/../lib/gcc/arm-none-eabi/13.3.1/../../../../arm-none-eabi/lib/thumb/v7e-m+fp/hard\libc_nano.a(libc_a-mallocr.o)
                0x20001a18                __malloc_sbrk_start
 .bss.__malloc_free_list
                0x20001a1c        0x4 C:/ST/STM32CubeIDE_1.18.1/STM32CubeIDE/plugins/com.st.stm32cube.ide.mcu.externaltools.gnu-tools-for-stm32.13.3.rel1.win32_1.0.0.202411081344/tools/bin/../lib/gcc/arm-none-eabi/13.3.1/../../../../arm-none-eabi/lib/thumb/v7e-m+fp/hard\libc_nano.a(libc_a-mallocr.o)
                0x20001a1c                __malloc_free_list
 *(COMMON)
                0x20001a20                        . = ALIGN (0x4)
                0x20001a20                        _ebss = .
                0x20001a20                        __bss_end__ = _ebss

._user_heap_stack
                0x20001a20      0x600 load address 0x08005d6c
                0x20001a20                        . = ALIGN (0x8)
                [!provide]                        PROVIDE (end = .)
                0x20001a20                        PROVIDE (_end = .)
                0x20001c20                        . = (. + _Min_Heap_Size)
 *fill*         0x20001a20      0x200 
                0x20002020                        . = (. + _Min_Stack_Size)
 *fill*         0x20001c20      0x400 
                0x20002020                        . = ALIGN (0x8)

/DISCARD/
 libc.a(*)
 libm.a(*)
 libgcc.a(*)

.ARM.attributes
                0x00000000       0x30
 *(.ARM.attributes)
 .ARM.attributes
                0x00000000       0x22 C:/ST/STM32CubeIDE_1.18.1/STM32CubeIDE/plugins/com.st.stm32cube.ide.mcu.externaltools.gnu-tools-for-stm32.13.3.rel1.win32_1.0.0.202411081344/tools/bin/../lib/gcc/arm-none-eabi/13.3.1/thumb/v7e-m+fp/hard/crti.o
 .ARM.attributes
                0x00000022       0x34 C:/ST/STM32CubeIDE_1.18.1/STM32CubeIDE/plugins/com.st.stm32cube.ide.mcu.externaltools.gnu-tools-for-stm32.13.3.rel1.win32_1.0.0.202411081344/tools/bin/../lib/gcc/arm-none-eabi/13.3.1/thumb/v7e-m+fp/hard/crtbegin.o
 .ARM.attributes
                0x00000056       0x34 ./Core/Src/main.o
 .ARM.attributes
                0x0000008a       0x34 ./Core/Src/stm32f4xx_hal_msp.o
 .ARM.attributes
                0x000000be       0x34 ./Core/Src/stm32f4xx_hal_timebase_tim.o
 .ARM.attributes
                0x000000f2       0x34 ./Core/Src/stm32f4xx_it.o
 .ARM.attributes
                0x00000126       0x34 ./Core/Src/syscalls.o
 .ARM.attributes
                0x0000015a       0x34 ./Core/Src/sysmem.o
 .ARM.attributes
                0x0000018e       0x34 ./Core/Src/system_stm32f4xx.o
 .ARM.attributes
                0x000001c2       0x21 ./Core/Startup/startup_stm32f446retx.o
 .ARM.attributes
                0x000001e3       0x34 ./Drivers/STM32F4xx_HAL_Driver/Src/stm32f4xx_hal.o
 .ARM.attributes
                0x00000217       0x34 ./Drivers/STM32F4xx_HAL_Driver/Src/stm32f4xx_hal_cortex.o
 .ARM.attributes
                0x0000024b       0x34 ./Drivers/STM32F4xx_HAL_Driver/Src/stm32f4xx_hal_gpio.o
 .ARM.attributes
                0x0000027f       0x34 ./Drivers/STM32F4xx_HAL_Driver/Src/stm32f4xx_hal_rcc.o
 .ARM.attributes
                0x000002b3       0x34 ./Drivers/STM32F4xx_HAL_Driver/Src/stm32f4xx_hal_rcc_ex.o
 .ARM.attributes
                0x000002e7       0x34 ./Drivers/STM32F4xx_HAL_Driver/Src/stm32f4xx_hal_tim.o
 .ARM.attributes
                0x0000031b       0x34 ./Drivers/STM32F4xx_HAL_Driver/Src/stm32f4xx_hal_tim_ex.o
 .ARM.attributes
                0x0000034f       0x34 ./Drivers/STM32F4xx_HAL_Driver/Src/stm32f4xx_hal_uart.o
 .ARM.attributes
                0x00000383       0x34 ./Third_Party/list.o
 .ARM.attributes
                0x000003b7       0x34 ./Third_Party/queue.o
 .ARM.attributes
                0x000003eb       0x34 ./Third_Party/tasks.o
 .ARM.attributes
                0x0000041f       0x34 ./Third_Party/timers.o
 .ARM.attributes
                0x00000453       0x34 ./Third_Party/portable/GCC/ARM_CM4F/port.o
 .ARM.attributes
                0x00000487       0x34 ./Third_Party/portable/MemMang/heap_4.o
 .ARM.attributes
                0x000004bb       0x34 C:/ST/STM32CubeIDE_1.18.1/STM32CubeIDE/plugins/com.st.stm32cube.ide.mcu.externaltools.gnu-tools-for-stm32.13.3.rel1.win32_1.0.0.202411081344/tools/bin/../lib/gcc/arm-none-eabi/13.3.1/../../../../arm-none-eabi/lib/thumb/v7e-m+fp/hard\libc_nano.a(libc_a-findfp.o)
 .ARM.attributes
                0x000004ef       0x34 C:/ST/STM32CubeIDE_1.18.1/STM32CubeIDE/plugins/com.st.stm32cube.ide.mcu.externaltools.gnu-tools-for-stm32.13.3.rel1.win32_1.0.0.202411081344/tools/bin/../lib/gcc/arm-none-eabi/13.3.1/../../../../arm-none-eabi/lib/thumb/v7e-m+fp/hard\libc_nano.a(libc_a-fwalk.o)
 .ARM.attributes
                0x00000523       0x34 C:/ST/STM32CubeIDE_1.18.1/STM32CubeIDE/plugins/com.st.stm32cube.ide.mcu.externaltools.gnu-tools-for-stm32.13.3.rel1.win32_1.0.0.202411081344/tools/bin/../lib/gcc/arm-none-eabi/13.3.1/../../../../arm-none-eabi/lib/thumb/v7e-m+fp/hard\libc_nano.a(libc_a-puts.o)
 .ARM.attributes
                0x00000557       0x34 C:/ST/STM32CubeIDE_1.18.1/STM32CubeIDE/plugins/com.st.stm32cube.ide.mcu.externaltools.gnu-tools-for-stm32.13.3.rel1.win32_1.0.0.202411081344/tools/bin/../lib/gcc/arm-none-eabi/13.3.1/../../../../arm-none-eabi/lib/thumb/v7e-m+fp/hard\libc_nano.a(libc_a-stdio.o)
 .ARM.attributes
                0x0000058b       0x34 C:/ST/STM32CubeIDE_1.18.1/STM32CubeIDE/plugins/com.st.stm32cube.ide.mcu.externaltools.gnu-tools-for-stm32.13.3.rel1.win32_1.0.0.202411081344/tools/bin/../lib/gcc/arm-none-eabi/13.3.1/../../../../arm-none-eabi/lib/thumb/v7e-m+fp/hard\libc_nano.a(libc_a-wbuf.o)
 .ARM.attributes
                0x000005bf       0x34 C:/ST/STM32CubeIDE_1.18.1/STM32CubeIDE/plugins/com.st.stm32cube.ide.mcu.externaltools.gnu-tools-for-stm32.13.3.rel1.win32_1.0.0.202411081344/tools/bin/../lib/gcc/arm-none-eabi/13.3.1/../../../../arm-none-eabi/lib/thumb/v7e-m+fp/hard\libc_nano.a(libc_a-wsetup.o)
 .ARM.attributes
                0x000005f3       0x34 C:/ST/STM32CubeIDE_1.18.1/STM32CubeIDE/plugins/com.st.stm32cube.ide.mcu.externaltools.gnu-tools-for-stm32.13.3.rel1.win32_1.0.0.202411081344/tools/bin/../lib/gcc/arm-none-eabi/13.3.1/../../../../arm-none-eabi/lib/thumb/v7e-m+fp/hard\libc_nano.a(libc_a-memset.o)
 .ARM.attributes
                0x00000627       0x34 C:/ST/STM32CubeIDE_1.18.1/STM32CubeIDE/plugins/com.st.stm32cube.ide.mcu.externaltools.gnu-tools-for-stm32.13.3.rel1.win32_1.0.0.202411081344/tools/bin/../lib/gcc/arm-none-eabi/13.3.1/../../../../arm-none-eabi/lib/thumb/v7e-m+fp/hard\libc_nano.a(libc_a-closer.o)
 .ARM.attributes
                0x0000065b       0x34 C:/ST/STM32CubeIDE_1.18.1/STM32CubeIDE/plugins/com.st.stm32cube.ide.mcu.externaltools.gnu-tools-for-stm32.13.3.rel1.win32_1.0.0.202411081344/tools/bin/../lib/gcc/arm-none-eabi/13.3.1/../../../../arm-none-eabi/lib/thumb/v7e-m+fp/hard\libc_nano.a(libc_a-reent.o)
 .ARM.attributes
                0x0000068f       0x34 C:/ST/STM32CubeIDE_1.18.1/STM32CubeIDE/plugins/com.st.stm32cube.ide.mcu.externaltools.gnu-tools-for-stm32.13.3.rel1.win32_1.0.0.202411081344/tools/bin/../lib/gcc/arm-none-eabi/13.3.1/../../../../arm-none-eabi/lib/thumb/v7e-m+fp/hard\libc_nano.a(libc_a-impure.o)
 .ARM.attributes
                0x000006c3       0x34 C:/ST/STM32CubeIDE_1.18.1/STM32CubeIDE/plugins/com.st.stm32cube.ide.mcu.externaltools.gnu-tools-for-stm32.13.3.rel1.win32_1.0.0.202411081344/tools/bin/../lib/gcc/arm-none-eabi/13.3.1/../../../../arm-none-eabi/lib/thumb/v7e-m+fp/hard\libc_nano.a(libc_a-lseekr.o)
 .ARM.attributes
                0x000006f7       0x34 C:/ST/STM32CubeIDE_1.18.1/STM32CubeIDE/plugins/com.st.stm32cube.ide.mcu.externaltools.gnu-tools-for-stm32.13.3.rel1.win32_1.0.0.202411081344/tools/bin/../lib/gcc/arm-none-eabi/13.3.1/../../../../arm-none-eabi/lib/thumb/v7e-m+fp/hard\libc_nano.a(libc_a-readr.o)
 .ARM.attributes
                0x0000072b       0x34 C:/ST/STM32CubeIDE_1.18.1/STM32CubeIDE/plugins/com.st.stm32cube.ide.mcu.externaltools.gnu-tools-for-stm32.13.3.rel1.win32_1.0.0.202411081344/tools/bin/../lib/gcc/arm-none-eabi/13.3.1/../../../../arm-none-eabi/lib/thumb/v7e-m+fp/hard\libc_nano.a(libc_a-writer.o)
 .ARM.attributes
                0x0000075f       0x34 C:/ST/STM32CubeIDE_1.18.1/STM32CubeIDE/plugins/com.st.stm32cube.ide.mcu.externaltools.gnu-tools-for-stm32.13.3.rel1.win32_1.0.0.202411081344/tools/bin/../lib/gcc/arm-none-eabi/13.3.1/../../../../arm-none-eabi/lib/thumb/v7e-m+fp/hard\libc_nano.a(libc_a-errno.o)
 .ARM.attributes
                0x00000793       0x34 C:/ST/STM32CubeIDE_1.18.1/STM32CubeIDE/plugins/com.st.stm32cube.ide.mcu.externaltools.gnu-tools-for-stm32.13.3.rel1.win32_1.0.0.202411081344/tools/bin/../lib/gcc/arm-none-eabi/13.3.1/../../../../arm-none-eabi/lib/thumb/v7e-m+fp/hard\libc_nano.a(libc_a-init.o)
 .ARM.attributes
                0x000007c7       0x34 C:/ST/STM32CubeIDE_1.18.1/STM32CubeIDE/plugins/com.st.stm32cube.ide.mcu.externaltools.gnu-tools-for-stm32.13.3.rel1.win32_1.0.0.202411081344/tools/bin/../lib/gcc/arm-none-eabi/13.3.1/../../../../arm-none-eabi/lib/thumb/v7e-m+fp/hard\libc_nano.a(libc_a-lock.o)
 .ARM.attributes
                0x000007fb       0x34 C:/ST/STM32CubeIDE_1.18.1/STM32CubeIDE/plugins/com.st.stm32cube.ide.mcu.externaltools.gnu-tools-for-stm32.13.3.rel1.win32_1.0.0.202411081344/tools/bin/../lib/gcc/arm-none-eabi/13.3.1/../../../../arm-none-eabi/lib/thumb/v7e-m+fp/hard\libc_nano.a(libc_a-memcpy-stub.o)
 .ARM.attributes
                0x0000082f       0x34 C:/ST/STM32CubeIDE_1.18.1/STM32CubeIDE/plugins/com.st.stm32cube.ide.mcu.externaltools.gnu-tools-for-stm32.13.3.rel1.win32_1.0.0.202411081344/tools/bin/../lib/gcc/arm-none-eabi/13.3.1/../../../../arm-none-eabi/lib/thumb/v7e-m+fp/hard\libc_nano.a(libc_a-freer.o)
 .ARM.attributes
                0x00000863       0x34 C:/ST/STM32CubeIDE_1.18.1/STM32CubeIDE/plugins/com.st.stm32cube.ide.mcu.externaltools.gnu-tools-for-stm32.13.3.rel1.win32_1.0.0.202411081344/tools/bin/../lib/gcc/arm-none-eabi/13.3.1/../../../../arm-none-eabi/lib/thumb/v7e-m+fp/hard\libc_nano.a(libc_a-mallocr.o)
 .ARM.attributes
                0x00000897       0x34 C:/ST/STM32CubeIDE_1.18.1/STM32CubeIDE/plugins/com.st.stm32cube.ide.mcu.externaltools.gnu-tools-for-stm32.13.3.rel1.win32_1.0.0.202411081344/tools/bin/../lib/gcc/arm-none-eabi/13.3.1/../../../../arm-none-eabi/lib/thumb/v7e-m+fp/hard\libc_nano.a(libc_a-mlock.o)
 .ARM.attributes
                0x000008cb       0x34 C:/ST/STM32CubeIDE_1.18.1/STM32CubeIDE/plugins/com.st.stm32cube.ide.mcu.externaltools.gnu-tools-for-stm32.13.3.rel1.win32_1.0.0.202411081344/tools/bin/../lib/gcc/arm-none-eabi/13.3.1/../../../../arm-none-eabi/lib/thumb/v7e-m+fp/hard\libc_nano.a(libc_a-fflush.o)
 .ARM.attributes
                0x000008ff       0x34 C:/ST/STM32CubeIDE_1.18.1/STM32CubeIDE/plugins/com.st.stm32cube.ide.mcu.externaltools.gnu-tools-for-stm32.13.3.rel1.win32_1.0.0.202411081344/tools/bin/../lib/gcc/arm-none-eabi/13.3.1/../../../../arm-none-eabi/lib/thumb/v7e-m+fp/hard\libc_nano.a(libc_a-makebuf.o)
 .ARM.attributes
                0x00000933       0x34 C:/ST/STM32CubeIDE_1.18.1/STM32CubeIDE/plugins/com.st.stm32cube.ide.mcu.externaltools.gnu-tools-for-stm32.13.3.rel1.win32_1.0.0.202411081344/tools/bin/../lib/gcc/arm-none-eabi/13.3.1/../../../../arm-none-eabi/lib/thumb/v7e-m+fp/hard\libc_nano.a(libc_a-fstatr.o)
 .ARM.attributes
                0x00000967       0x34 C:/ST/STM32CubeIDE_1.18.1/STM32CubeIDE/plugins/com.st.stm32cube.ide.mcu.externaltools.gnu-tools-for-stm32.13.3.rel1.win32_1.0.0.202411081344/tools/bin/../lib/gcc/arm-none-eabi/13.3.1/../../../../arm-none-eabi/lib/thumb/v7e-m+fp/hard\libc_nano.a(libc_a-isattyr.o)
 .ARM.attributes
                0x0000099b       0x34 C:/ST/STM32CubeIDE_1.18.1/STM32CubeIDE/plugins/com.st.stm32cube.ide.mcu.externaltools.gnu-tools-for-stm32.13.3.rel1.win32_1.0.0.202411081344/tools/bin/../lib/gcc/arm-none-eabi/13.3.1/../../../../arm-none-eabi/lib/thumb/v7e-m+fp/hard\libc_nano.a(libc_a-sbrkr.o)
 .ARM.attributes
                0x000009cf       0x22 C:/ST/STM32CubeIDE_1.18.1/STM32CubeIDE/plugins/com.st.stm32cube.ide.mcu.externaltools.gnu-tools-for-stm32.13.3.rel1.win32_1.0.0.202411081344/tools/bin/../lib/gcc/arm-none-eabi/13.3.1/thumb/v7e-m+fp/hard\libgcc.a(_aeabi_uldivmod.o)
 .ARM.attributes
                0x000009f1       0x34 C:/ST/STM32CubeIDE_1.18.1/STM32CubeIDE/plugins/com.st.stm32cube.ide.mcu.externaltools.gnu-tools-for-stm32.13.3.rel1.win32_1.0.0.202411081344/tools/bin/../lib/gcc/arm-none-eabi/13.3.1/thumb/v7e-m+fp/hard\libgcc.a(_udivmoddi4.o)
 .ARM.attributes
                0x00000a25       0x22 C:/ST/STM32CubeIDE_1.18.1/STM32CubeIDE/plugins/com.st.stm32cube.ide.mcu.externaltools.gnu-tools-for-stm32.13.3.rel1.win32_1.0.0.202411081344/tools/bin/../lib/gcc/arm-none-eabi/13.3.1/thumb/v7e-m+fp/hard\libgcc.a(_dvmd_tls.o)
 .ARM.attributes
                0x00000a47       0x22 C:/ST/STM32CubeIDE_1.18.1/STM32CubeIDE/plugins/com.st.stm32cube.ide.mcu.externaltools.gnu-tools-for-stm32.13.3.rel1.win32_1.0.0.202411081344/tools/bin/../lib/gcc/arm-none-eabi/13.3.1/thumb/v7e-m+fp/hard/crtn.o
OUTPUT(LED_3_RTOS_1.elf elf32-littlearm)
LOAD linker stubs
LOAD C:/ST/STM32CubeIDE_1.18.1/STM32CubeIDE/plugins/com.st.stm32cube.ide.mcu.externaltools.gnu-tools-for-stm32.13.3.rel1.win32_1.0.0.202411081344/tools/bin/../lib/gcc/arm-none-eabi/13.3.1/../../../../arm-none-eabi/lib/thumb/v7e-m+fp/hard\libc.a
LOAD C:/ST/STM32CubeIDE_1.18.1/STM32CubeIDE/plugins/com.st.stm32cube.ide.mcu.externaltools.gnu-tools-for-stm32.13.3.rel1.win32_1.0.0.202411081344/tools/bin/../lib/gcc/arm-none-eabi/13.3.1/../../../../arm-none-eabi/lib/thumb/v7e-m+fp/hard\libm.a
LOAD C:/ST/STM32CubeIDE_1.18.1/STM32CubeIDE/plugins/com.st.stm32cube.ide.mcu.externaltools.gnu-tools-for-stm32.13.3.rel1.win32_1.0.0.202411081344/tools/bin/../lib/gcc/arm-none-eabi/13.3.1/thumb/v7e-m+fp/hard\libgcc.a

.debug_info     0x00000000    0x13e69
 .debug_info    0x00000000     0x1172 ./Core/Src/main.o
 .debug_info    0x00001172      0x919 ./Core/Src/stm32f4xx_hal_msp.o
 .debug_info    0x00001a8b      0xc44 ./Core/Src/stm32f4xx_hal_timebase_tim.o
 .debug_info    0x000026cf      0x6ab ./Core/Src/stm32f4xx_it.o
 .debug_info    0x00002d7a      0x6a3 ./Core/Src/syscalls.o
 .debug_info    0x0000341d      0x168 ./Core/Src/sysmem.o
 .debug_info    0x00003585      0x54a ./Core/Src/system_stm32f4xx.o
 .debug_info    0x00003acf       0x30 ./Core/Startup/startup_stm32f446retx.o
 .debug_info    0x00003aff      0x99a ./Drivers/STM32F4xx_HAL_Driver/Src/stm32f4xx_hal.o
 .debug_info    0x00004499      0xdaa ./Drivers/STM32F4xx_HAL_Driver/Src/stm32f4xx_hal_cortex.o
 .debug_info    0x00005243      0x70b ./Drivers/STM32F4xx_HAL_Driver/Src/stm32f4xx_hal_gpio.o
 .debug_info    0x0000594e      0x8ff ./Drivers/STM32F4xx_HAL_Driver/Src/stm32f4xx_hal_rcc.o
 .debug_info    0x0000624d      0x960 ./Drivers/STM32F4xx_HAL_Driver/Src/stm32f4xx_hal_rcc_ex.o
 .debug_info    0x00006bad     0x299d ./Drivers/STM32F4xx_HAL_Driver/Src/stm32f4xx_hal_tim.o
 .debug_info    0x0000954a     0x14db ./Drivers/STM32F4xx_HAL_Driver/Src/stm32f4xx_hal_tim_ex.o
 .debug_info    0x0000aa25     0x2f4f ./Drivers/STM32F4xx_HAL_Driver/Src/stm32f4xx_hal_uart.o
 .debug_info    0x0000d974      0x2aa ./Third_Party/list.o
 .debug_info    0x0000dc1e     0x1a1c ./Third_Party/queue.o
 .debug_info    0x0000f63a     0x299e ./Third_Party/tasks.o
 .debug_info    0x00011fd8     0x135b ./Third_Party/timers.o
 .debug_info    0x00013333      0x54c ./Third_Party/portable/GCC/ARM_CM4F/port.o
 .debug_info    0x0001387f      0x5ea ./Third_Party/portable/MemMang/heap_4.o

.debug_abbrev   0x00000000     0x2f45
 .debug_abbrev  0x00000000      0x319 ./Core/Src/main.o
 .debug_abbrev  0x00000319      0x1ad ./Core/Src/stm32f4xx_hal_msp.o
 .debug_abbrev  0x000004c6      0x1f4 ./Core/Src/stm32f4xx_hal_timebase_tim.o
 .debug_abbrev  0x000006ba      0x17d ./Core/Src/stm32f4xx_it.o
 .debug_abbrev  0x00000837      0x1b6 ./Core/Src/syscalls.o
 .debug_abbrev  0x000009ed       0xbc ./Core/Src/sysmem.o
 .debug_abbrev  0x00000aa9      0x11a ./Core/Src/system_stm32f4xx.o
 .debug_abbrev  0x00000bc3       0x24 ./Core/Startup/startup_stm32f446retx.o
 .debug_abbrev  0x00000be7      0x214 ./Drivers/STM32F4xx_HAL_Driver/Src/stm32f4xx_hal.o
 .debug_abbrev  0x00000dfb      0x31d ./Drivers/STM32F4xx_HAL_Driver/Src/stm32f4xx_hal_cortex.o
 .debug_abbrev  0x00001118      0x1d4 ./Drivers/STM32F4xx_HAL_Driver/Src/stm32f4xx_hal_gpio.o
 .debug_abbrev  0x000012ec      0x2b7 ./Drivers/STM32F4xx_HAL_Driver/Src/stm32f4xx_hal_rcc.o
 .debug_abbrev  0x000015a3      0x211 ./Drivers/STM32F4xx_HAL_Driver/Src/stm32f4xx_hal_rcc_ex.o
 .debug_abbrev  0x000017b4      0x278 ./Drivers/STM32F4xx_HAL_Driver/Src/stm32f4xx_hal_tim.o
 .debug_abbrev  0x00001a2c      0x283 ./Drivers/STM32F4xx_HAL_Driver/Src/stm32f4xx_hal_tim_ex.o
 .debug_abbrev  0x00001caf      0x30e ./Drivers/STM32F4xx_HAL_Driver/Src/stm32f4xx_hal_uart.o
 .debug_abbrev  0x00001fbd       0xee ./Third_Party/list.o
 .debug_abbrev  0x000020ab      0x344 ./Third_Party/queue.o
 .debug_abbrev  0x000023ef      0x38b ./Third_Party/tasks.o
 .debug_abbrev  0x0000277a      0x33c ./Third_Party/timers.o
 .debug_abbrev  0x00002ab6      0x235 ./Third_Party/portable/GCC/ARM_CM4F/port.o
 .debug_abbrev  0x00002ceb      0x25a ./Third_Party/portable/MemMang/heap_4.o

.debug_aranges  0x00000000     0x1250
 .debug_aranges
                0x00000000       0x60 ./Core/Src/main.o
 .debug_aranges
                0x00000060       0x30 ./Core/Src/stm32f4xx_hal_msp.o
 .debug_aranges
                0x00000090       0x30 ./Core/Src/stm32f4xx_hal_timebase_tim.o
 .debug_aranges
                0x000000c0       0x50 ./Core/Src/stm32f4xx_it.o
 .debug_aranges
                0x00000110       0xa8 ./Core/Src/syscalls.o
 .debug_aranges
                0x000001b8       0x20 ./Core/Src/sysmem.o
 .debug_aranges
                0x000001d8       0x28 ./Core/Src/system_stm32f4xx.o
 .debug_aranges
                0x00000200       0x28 ./Core/Startup/startup_stm32f446retx.o
 .debug_aranges
                0x00000228       0xf0 ./Drivers/STM32F4xx_HAL_Driver/Src/stm32f4xx_hal.o
 .debug_aranges
                0x00000318      0x130 ./Drivers/STM32F4xx_HAL_Driver/Src/stm32f4xx_hal_cortex.o
 .debug_aranges
                0x00000448       0x58 ./Drivers/STM32F4xx_HAL_Driver/Src/stm32f4xx_hal_gpio.o
 .debug_aranges
                0x000004a0       0x88 ./Drivers/STM32F4xx_HAL_Driver/Src/stm32f4xx_hal_rcc.o
 .debug_aranges
                0x00000528       0x78 ./Drivers/STM32F4xx_HAL_Driver/Src/stm32f4xx_hal_rcc_ex.o
 .debug_aranges
                0x000005a0      0x3d0 ./Drivers/STM32F4xx_HAL_Driver/Src/stm32f4xx_hal_tim.o
 .debug_aranges
                0x00000970      0x168 ./Drivers/STM32F4xx_HAL_Driver/Src/stm32f4xx_hal_tim_ex.o
 .debug_aranges
                0x00000ad8      0x208 ./Drivers/STM32F4xx_HAL_Driver/Src/stm32f4xx_hal_uart.o
 .debug_aranges
                0x00000ce0       0x40 ./Third_Party/list.o
 .debug_aranges
                0x00000d20      0x130 ./Third_Party/queue.o
 .debug_aranges
                0x00000e50      0x218 ./Third_Party/tasks.o
 .debug_aranges
                0x00001068       0xf8 ./Third_Party/timers.o
 .debug_aranges
                0x00001160       0x80 ./Third_Party/portable/GCC/ARM_CM4F/port.o
 .debug_aranges
                0x000011e0       0x70 ./Third_Party/portable/MemMang/heap_4.o

.debug_rnglists
                0x00000000      0xe4e
 .debug_rnglists
                0x00000000       0x46 ./Core/Src/main.o
 .debug_rnglists
                0x00000046       0x20 ./Core/Src/stm32f4xx_hal_msp.o
 .debug_rnglists
                0x00000066       0x20 ./Core/Src/stm32f4xx_hal_timebase_tim.o
 .debug_rnglists
                0x00000086       0x37 ./Core/Src/stm32f4xx_it.o
 .debug_rnglists
                0x000000bd       0x79 ./Core/Src/syscalls.o
 .debug_rnglists
                0x00000136       0x13 ./Core/Src/sysmem.o
 .debug_rnglists
                0x00000149       0x1a ./Core/Src/system_stm32f4xx.o
 .debug_rnglists
                0x00000163       0x19 ./Core/Startup/startup_stm32f446retx.o
 .debug_rnglists
                0x0000017c       0xaf ./Drivers/STM32F4xx_HAL_Driver/Src/stm32f4xx_hal.o
 .debug_rnglists
                0x0000022b       0xe0 ./Drivers/STM32F4xx_HAL_Driver/Src/stm32f4xx_hal_cortex.o
 .debug_rnglists
                0x0000030b       0x3f ./Drivers/STM32F4xx_HAL_Driver/Src/stm32f4xx_hal_gpio.o
 .debug_rnglists
                0x0000034a       0x66 ./Drivers/STM32F4xx_HAL_Driver/Src/stm32f4xx_hal_rcc.o
 .debug_rnglists
                0x000003b0       0x5e ./Drivers/STM32F4xx_HAL_Driver/Src/stm32f4xx_hal_rcc_ex.o
 .debug_rnglists
                0x0000040e      0x31a ./Drivers/STM32F4xx_HAL_Driver/Src/stm32f4xx_hal_tim.o
 .debug_rnglists
                0x00000728      0x125 ./Drivers/STM32F4xx_HAL_Driver/Src/stm32f4xx_hal_tim_ex.o
 .debug_rnglists
                0x0000084d      0x1bc ./Drivers/STM32F4xx_HAL_Driver/Src/stm32f4xx_hal_uart.o
 .debug_rnglists
                0x00000a09       0x2c ./Third_Party/list.o
 .debug_rnglists
                0x00000a35       0xee ./Third_Party/queue.o
 .debug_rnglists
                0x00000b23      0x1bf ./Third_Party/tasks.o
 .debug_rnglists
                0x00000ce2       0xbb ./Third_Party/timers.o
 .debug_rnglists
                0x00000d9d       0x5d ./Third_Party/portable/GCC/ARM_CM4F/port.o
 .debug_rnglists
                0x00000dfa       0x54 ./Third_Party/portable/MemMang/heap_4.o

.debug_macro    0x00000000    0x25113
 .debug_macro   0x00000000      0x32c ./Core/Src/main.o
 .debug_macro   0x0000032c      0xad8 ./Core/Src/main.o
 .debug_macro   0x00000e04      0x29b ./Core/Src/main.o
 .debug_macro   0x0000109f       0x2e ./Core/Src/main.o
 .debug_macro   0x000010cd       0x28 ./Core/Src/main.o
 .debug_macro   0x000010f5       0x22 ./Core/Src/main.o
 .debug_macro   0x00001117       0x8e ./Core/Src/main.o
 .debug_macro   0x000011a5       0x51 ./Core/Src/main.o
 .debug_macro   0x000011f6      0x103 ./Core/Src/main.o
 .debug_macro   0x000012f9       0x6a ./Core/Src/main.o
 .debug_macro   0x00001363      0x1df ./Core/Src/main.o
 .debug_macro   0x00001542       0x1c ./Core/Src/main.o
 .debug_macro   0x0000155e       0x22 ./Core/Src/main.o
 .debug_macro   0x00001580       0xfb ./Core/Src/main.o
 .debug_macro   0x0000167b     0x1011 ./Core/Src/main.o
 .debug_macro   0x0000268c      0x11f ./Core/Src/main.o
 .debug_macro   0x000027ab    0x1675e ./Core/Src/main.o
 .debug_macro   0x00018f09       0x6d ./Core/Src/main.o
 .debug_macro   0x00018f76     0x3693 ./Core/Src/main.o
 .debug_macro   0x0001c609      0x190 ./Core/Src/main.o
 .debug_macro   0x0001c799       0x5c ./Core/Src/main.o
 .debug_macro   0x0001c7f5      0xca5 ./Core/Src/main.o
 .debug_macro   0x0001d49a      0x9e9 ./Core/Src/main.o
 .debug_macro   0x0001de83      0x115 ./Core/Src/main.o
 .debug_macro   0x0001df98      0x1a0 ./Core/Src/main.o
 .debug_macro   0x0001e138       0xa5 ./Core/Src/main.o
 .debug_macro   0x0001e1dd      0x16d ./Core/Src/main.o
 .debug_macro   0x0001e34a      0x287 ./Core/Src/main.o
 .debug_macro   0x0001e5d1       0x5f ./Core/Src/main.o
 .debug_macro   0x0001e630      0x236 ./Core/Src/main.o
 .debug_macro   0x0001e866      0x132 ./Core/Src/main.o
 .debug_macro   0x0001e998      0x29c ./Core/Src/main.o
 .debug_macro   0x0001ec34       0x2e ./Core/Src/main.o
 .debug_macro   0x0001ec62      0x127 ./Core/Src/main.o
 .debug_macro   0x0001ed89       0xe8 ./Core/Src/main.o
 .debug_macro   0x0001ee71       0x89 ./Core/Src/main.o
 .debug_macro   0x0001eefa      0x8ed ./Core/Src/main.o
 .debug_macro   0x0001f7e7       0x53 ./Core/Src/main.o
 .debug_macro   0x0001f83a      0x2aa ./Core/Src/main.o
 .debug_macro   0x0001fae4      0x126 ./Core/Src/main.o
 .debug_macro   0x0001fc0a       0x58 ./Core/Src/main.o
 .debug_macro   0x0001fc62       0x61 ./Core/Src/main.o
 .debug_macro   0x0001fcc3       0x2a ./Core/Src/main.o
 .debug_macro   0x0001fced       0x43 ./Core/Src/main.o
 .debug_macro   0x0001fd30       0x34 ./Core/Src/main.o
 .debug_macro   0x0001fd64       0x16 ./Core/Src/main.o
 .debug_macro   0x0001fd7a       0x3c ./Core/Src/main.o
 .debug_macro   0x0001fdb6      0x370 ./Core/Src/main.o
 .debug_macro   0x00020126       0x10 ./Core/Src/main.o
 .debug_macro   0x00020136       0x16 ./Core/Src/main.o
 .debug_macro   0x0002014c       0x4a ./Core/Src/main.o
 .debug_macro   0x00020196       0x34 ./Core/Src/main.o
 .debug_macro   0x000201ca       0x10 ./Core/Src/main.o
 .debug_macro   0x000201da       0x58 ./Core/Src/main.o
 .debug_macro   0x00020232       0x8e ./Core/Src/main.o
 .debug_macro   0x000202c0       0x1c ./Core/Src/main.o
 .debug_macro   0x000202dc      0x185 ./Core/Src/main.o
 .debug_macro   0x00020461       0x16 ./Core/Src/main.o
 .debug_macro   0x00020477       0x16 ./Core/Src/main.o
 .debug_macro   0x0002048d      0x146 ./Core/Src/main.o
 .debug_macro   0x000205d3       0x16 ./Core/Src/main.o
 .debug_macro   0x000205e9      0x293 ./Core/Src/main.o
 .debug_macro   0x0002087c       0x1c ./Core/Src/main.o
 .debug_macro   0x00020898      0x182 ./Core/Src/main.o
 .debug_macro   0x00020a1a       0xcc ./Core/Src/main.o
 .debug_macro   0x00020ae6       0x2e ./Core/Src/main.o
 .debug_macro   0x00020b14       0x1f ./Core/Src/main.o
 .debug_macro   0x00020b33       0x12 ./Core/Src/main.o
 .debug_macro   0x00020b45      0xf38 ./Core/Src/main.o
 .debug_macro   0x00021a7d       0xc3 ./Core/Src/main.o
 .debug_macro   0x00021b40      0x161 ./Core/Src/main.o
 .debug_macro   0x00021ca1      0x1dd ./Core/Src/stm32f4xx_hal_msp.o
 .debug_macro   0x00021e7e      0x1ce ./Core/Src/stm32f4xx_hal_timebase_tim.o
 .debug_macro   0x0002204c      0x1e7 ./Core/Src/stm32f4xx_it.o
 .debug_macro   0x00022233      0x274 ./Core/Src/syscalls.o
 .debug_macro   0x000224a7       0x5b ./Core/Src/syscalls.o
 .debug_macro   0x00022502       0x94 ./Core/Src/syscalls.o
 .debug_macro   0x00022596       0x57 ./Core/Src/syscalls.o
 .debug_macro   0x000225ed       0x10 ./Core/Src/syscalls.o
 .debug_macro   0x000225fd       0x10 ./Core/Src/syscalls.o
 .debug_macro   0x0002260d       0x10 ./Core/Src/syscalls.o
 .debug_macro   0x0002261d       0x10 ./Core/Src/syscalls.o
 .debug_macro   0x0002262d       0x1c ./Core/Src/syscalls.o
 .debug_macro   0x00022649       0x52 ./Core/Src/syscalls.o
 .debug_macro   0x0002269b       0x22 ./Core/Src/syscalls.o
 .debug_macro   0x000226bd       0x10 ./Core/Src/syscalls.o
 .debug_macro   0x000226cd       0x52 ./Core/Src/syscalls.o
 .debug_macro   0x0002271f       0xcf ./Core/Src/syscalls.o
 .debug_macro   0x000227ee       0x1c ./Core/Src/syscalls.o
 .debug_macro   0x0002280a       0x3d ./Core/Src/syscalls.o
 .debug_macro   0x00022847       0x35 ./Core/Src/syscalls.o
 .debug_macro   0x0002287c      0x12c ./Core/Src/syscalls.o
 .debug_macro   0x000229a8       0x16 ./Core/Src/syscalls.o
 .debug_macro   0x000229be       0x16 ./Core/Src/syscalls.o
 .debug_macro   0x000229d4       0x29 ./Core/Src/syscalls.o
 .debug_macro   0x000229fd       0x10 ./Core/Src/syscalls.o
 .debug_macro   0x00022a0d      0x242 ./Core/Src/syscalls.o
 .debug_macro   0x00022c4f       0x1c ./Core/Src/syscalls.o
 .debug_macro   0x00022c6b       0x10 ./Core/Src/syscalls.o
 .debug_macro   0x00022c7b      0x18a ./Core/Src/syscalls.o
 .debug_macro   0x00022e05       0x16 ./Core/Src/syscalls.o
 .debug_macro   0x00022e1b       0xce ./Core/Src/syscalls.o
 .debug_macro   0x00022ee9      0x112 ./Core/Src/sysmem.o
 .debug_macro   0x00022ffb      0x23c ./Core/Src/sysmem.o
 .debug_macro   0x00023237      0x1ce ./Core/Src/system_stm32f4xx.o
 .debug_macro   0x00023405      0x22e ./Drivers/STM32F4xx_HAL_Driver/Src/stm32f4xx_hal.o
 .debug_macro   0x00023633      0x1ce ./Drivers/STM32F4xx_HAL_Driver/Src/stm32f4xx_hal_cortex.o
 .debug_macro   0x00023801      0x1d4 ./Drivers/STM32F4xx_HAL_Driver/Src/stm32f4xx_hal_gpio.o
 .debug_macro   0x000239d5      0x1f2 ./Drivers/STM32F4xx_HAL_Driver/Src/stm32f4xx_hal_rcc.o
 .debug_macro   0x00023bc7      0x1ce ./Drivers/STM32F4xx_HAL_Driver/Src/stm32f4xx_hal_rcc_ex.o
 .debug_macro   0x00023d95      0x1cf ./Drivers/STM32F4xx_HAL_Driver/Src/stm32f4xx_hal_tim.o
 .debug_macro   0x00023f64      0x1ce ./Drivers/STM32F4xx_HAL_Driver/Src/stm32f4xx_hal_tim_ex.o
 .debug_macro   0x00024132      0x1cf ./Drivers/STM32F4xx_HAL_Driver/Src/stm32f4xx_hal_uart.o
 .debug_macro   0x00024301      0x1a2 ./Third_Party/list.o
 .debug_macro   0x000244a3      0x239 ./Third_Party/queue.o
 .debug_macro   0x000246dc       0x16 ./Third_Party/queue.o
 .debug_macro   0x000246f2       0x20 ./Third_Party/queue.o
 .debug_macro   0x00024712       0x8e ./Third_Party/queue.o
 .debug_macro   0x000247a0      0x2cd ./Third_Party/tasks.o
 .debug_macro   0x00024a6d       0x17 ./Third_Party/tasks.o
 .debug_macro   0x00024a84      0x1f1 ./Third_Party/timers.o
 .debug_macro   0x00024c75       0x9e ./Third_Party/timers.o
 .debug_macro   0x00024d13      0x1cf ./Third_Party/portable/GCC/ARM_CM4F/port.o
 .debug_macro   0x00024ee2      0x231 ./Third_Party/portable/MemMang/heap_4.o

.debug_line     0x00000000    0x155f4
 .debug_line    0x00000000      0xb72 ./Core/Src/main.o
 .debug_line    0x00000b72      0x793 ./Core/Src/stm32f4xx_hal_msp.o
 .debug_line    0x00001305      0x7c4 ./Core/Src/stm32f4xx_hal_timebase_tim.o
 .debug_line    0x00001ac9      0x7cf ./Core/Src/stm32f4xx_it.o
 .debug_line    0x00002298      0x8ac ./Core/Src/syscalls.o
 .debug_line    0x00002b44      0x588 ./Core/Src/sysmem.o
 .debug_line    0x000030cc      0x7bc ./Core/Src/system_stm32f4xx.o
 .debug_line    0x00003888       0x7a ./Core/Startup/startup_stm32f446retx.o
 .debug_line    0x00003902      0xa38 ./Drivers/STM32F4xx_HAL_Driver/Src/stm32f4xx_hal.o
 .debug_line    0x0000433a      0xd08 ./Drivers/STM32F4xx_HAL_Driver/Src/stm32f4xx_hal_cortex.o
 .debug_line    0x00005042      0xb7c ./Drivers/STM32F4xx_HAL_Driver/Src/stm32f4xx_hal_gpio.o
 .debug_line    0x00005bbe      0xe53 ./Drivers/STM32F4xx_HAL_Driver/Src/stm32f4xx_hal_rcc.o
 .debug_line    0x00006a11     0x1504 ./Drivers/STM32F4xx_HAL_Driver/Src/stm32f4xx_hal_rcc_ex.o
 .debug_line    0x00007f15     0x37ad ./Drivers/STM32F4xx_HAL_Driver/Src/stm32f4xx_hal_tim.o
 .debug_line    0x0000b6c2     0x1998 ./Drivers/STM32F4xx_HAL_Driver/Src/stm32f4xx_hal_tim_ex.o
 .debug_line    0x0000d05a     0x2580 ./Drivers/STM32F4xx_HAL_Driver/Src/stm32f4xx_hal_uart.o
 .debug_line    0x0000f5da      0x7ac ./Third_Party/list.o
 .debug_line    0x0000fd86     0x16bc ./Third_Party/queue.o
 .debug_line    0x00011442     0x1fe3 ./Third_Party/tasks.o
 .debug_line    0x00013425      0xdcc ./Third_Party/timers.o
 .debug_line    0x000141f1      0x8a1 ./Third_Party/portable/GCC/ARM_CM4F/port.o
 .debug_line    0x00014a92      0xb62 ./Third_Party/portable/MemMang/heap_4.o

.debug_str      0x00000000    0xe1fa8
 .debug_str     0x00000000    0xe1fa8 ./Core/Src/main.o
                              0xd8481 (size before relaxing)
 .debug_str     0x000e1fa8    0xc9e34 ./Core/Src/stm32f4xx_hal_msp.o
 .debug_str     0x000e1fa8    0xca3c5 ./Core/Src/stm32f4xx_hal_timebase_tim.o
 .debug_str     0x000e1fa8    0xc9da1 ./Core/Src/stm32f4xx_it.o
 .debug_str     0x000e1fa8     0x99cd ./Core/Src/syscalls.o
 .debug_str     0x000e1fa8     0x776b ./Core/Src/sysmem.o
 .debug_str     0x000e1fa8    0xc988d ./Core/Src/system_stm32f4xx.o
 .debug_str     0x000e1fa8       0x6d ./Core/Startup/startup_stm32f446retx.o
 .debug_str     0x000e1fa8    0xca452 ./Drivers/STM32F4xx_HAL_Driver/Src/stm32f4xx_hal.o
 .debug_str     0x000e1fa8    0xca1a9 ./Drivers/STM32F4xx_HAL_Driver/Src/stm32f4xx_hal_cortex.o
 .debug_str     0x000e1fa8    0xc9a08 ./Drivers/STM32F4xx_HAL_Driver/Src/stm32f4xx_hal_gpio.o
 .debug_str     0x000e1fa8    0xc9cc6 ./Drivers/STM32F4xx_HAL_Driver/Src/stm32f4xx_hal_rcc.o
 .debug_str     0x000e1fa8    0xc9cf9 ./Drivers/STM32F4xx_HAL_Driver/Src/stm32f4xx_hal_rcc_ex.o
 .debug_str     0x000e1fa8    0xcabf2 ./Drivers/STM32F4xx_HAL_Driver/Src/stm32f4xx_hal_tim.o
 .debug_str     0x000e1fa8    0xca3fe ./Drivers/STM32F4xx_HAL_Driver/Src/stm32f4xx_hal_tim_ex.o
 .debug_str     0x000e1fa8    0xca27d ./Drivers/STM32F4xx_HAL_Driver/Src/stm32f4xx_hal_uart.o
 .debug_str     0x000e1fa8    0x108d1 ./Third_Party/list.o
 .debug_str     0x000e1fa8    0x13496 ./Third_Party/queue.o
 .debug_str     0x000e1fa8    0x141e9 ./Third_Party/tasks.o
 .debug_str     0x000e1fa8    0x138d1 ./Third_Party/timers.o
 .debug_str     0x000e1fa8     0xf3df ./Third_Party/portable/GCC/ARM_CM4F/port.o
 .debug_str     0x000e1fa8    0x124b4 ./Third_Party/portable/MemMang/heap_4.o

.comment        0x00000000       0x43
 .comment       0x00000000       0x43 ./Core/Src/main.o
                                 0x44 (size before relaxing)
 .comment       0x00000043       0x44 ./Core/Src/stm32f4xx_hal_msp.o
 .comment       0x00000043       0x44 ./Core/Src/stm32f4xx_hal_timebase_tim.o
 .comment       0x00000043       0x44 ./Core/Src/stm32f4xx_it.o
 .comment       0x00000043       0x44 ./Core/Src/syscalls.o
 .comment       0x00000043       0x44 ./Core/Src/sysmem.o
 .comment       0x00000043       0x44 ./Core/Src/system_stm32f4xx.o
 .comment       0x00000043       0x44 ./Drivers/STM32F4xx_HAL_Driver/Src/stm32f4xx_hal.o
 .comment       0x00000043       0x44 ./Drivers/STM32F4xx_HAL_Driver/Src/stm32f4xx_hal_cortex.o
 .comment       0x00000043       0x44 ./Drivers/STM32F4xx_HAL_Driver/Src/stm32f4xx_hal_gpio.o
 .comment       0x00000043       0x44 ./Drivers/STM32F4xx_HAL_Driver/Src/stm32f4xx_hal_rcc.o
 .comment       0x00000043       0x44 ./Drivers/STM32F4xx_HAL_Driver/Src/stm32f4xx_hal_rcc_ex.o
 .comment       0x00000043       0x44 ./Drivers/STM32F4xx_HAL_Driver/Src/stm32f4xx_hal_tim.o
 .comment       0x00000043       0x44 ./Drivers/STM32F4xx_HAL_Driver/Src/stm32f4xx_hal_tim_ex.o
 .comment       0x00000043       0x44 ./Drivers/STM32F4xx_HAL_Driver/Src/stm32f4xx_hal_uart.o
 .comment       0x00000043       0x44 ./Third_Party/list.o
 .comment       0x00000043       0x44 ./Third_Party/queue.o
 .comment       0x00000043       0x44 ./Third_Party/tasks.o
 .comment       0x00000043       0x44 ./Third_Party/timers.o
 .comment       0x00000043       0x44 ./Third_Party/portable/GCC/ARM_CM4F/port.o
 .comment       0x00000043       0x44 ./Third_Party/portable/MemMang/heap_4.o

.debug_frame    0x00000000     0x5340
 .debug_frame   0x00000000      0x130 ./Core/Src/main.o
 .debug_frame   0x00000130       0x80 ./Core/Src/stm32f4xx_hal_msp.o
 .debug_frame   0x000001b0       0x74 ./Core/Src/stm32f4xx_hal_timebase_tim.o