2026-06-13 22:18:09,613 [INFO] Activator:176 - 


2026-06-13 22:18:09,616 [INFO] Activator:177 - !SESSION log4j initialized
2026-06-13 22:18:16,343 [INFO] LogOutputStream:77 - [STDOUT_REDIRECT] 
2026-06-13 22:18:18,165 [INFO] ApplicationProperties:184 - Using Application install path: C:\ST\STM32CubeIDE_1.18.1\STM32CubeIDE\plugins\com.st.stm32cube.common.mx_6.14.1.202504091515
2026-06-13 22:18:18,187 [INFO] DbMcusXml:78 - Set database path to: C:\ST\STM32CubeIDE_1.18.1\STM32CubeIDE\plugins\com.st.stm32cube.common.mx_6.14.1.202504091515\\db\/mcu/
2026-06-13 22:18:18,188 [INFO] ApiDb:274 - Set plugin database path to: C:\ST\STM32CubeIDE_1.18.1\STM32CubeIDE\plugins\com.st.stm32cube.common.mx_6.14.1.202504091515\\db\/plugins/boardmanager/
2026-06-13 22:18:18,188 [WARN] ApiDb:259 - Overriding images path with different value:  => C:\ST\STM32CubeIDE_1.18.1\STM32CubeIDE\plugins\com.st.stm32cube.common.mx_6.14.1.202504091515\\db\/plugins/mcufinder/images/
2026-06-13 22:18:18,195 [INFO] ApiDb:250 - Set database path to: C:\Users\MinnuDiary\.stmcufinder\plugins\mcufinder//mcu/
2026-06-13 22:18:18,197 [INFO] DbMcusAds:125 - Set database path to: C:\Users\MinnuDiary\.stmcufinder\plugins\mcufinder//mcu/
2026-06-13 22:18:18,201 [INFO] CrossReferenceDbSqlite:203 - Set database path to: C:\Users\MinnuDiary\.stmcufinder\plugins\mcufinder//mcu/cs/
2026-06-13 22:18:18,312 [INFO] RulesReader:64 - Compatibility file has been processed (302 Rules)
2026-06-13 22:18:18,421 [INFO] DbMcusXml:78 - Set database path to: C:\ST\STM32CubeIDE_1.18.1\STM32CubeIDE\plugins\com.st.stm32cube.common.mx_6.14.1.202504091515\\db\/mcu/
2026-06-13 22:18:18,421 [INFO] ApiDb:274 - Set plugin database path to: C:\ST\STM32CubeIDE_1.18.1\STM32CubeIDE\plugins\com.st.stm32cube.common.mx_6.14.1.202504091515\\db\/plugins/boardmanager/
2026-06-13 22:18:18,421 [INFO] ApiDb:261 - Set plugin images path to: C:\ST\STM32CubeIDE_1.18.1\STM32CubeIDE\plugins\com.st.stm32cube.common.mx_6.14.1.202504091515\\db\/plugins/mcufinder/images/
2026-06-13 22:18:18,422 [WARN] DbFile:41 - Overriding database path with different value: C:\Users\MinnuDiary\.stmcufinder\plugins\mcufinder/ => C:\Users\MinnuDiary\.stmcufinder\plugins\mcufinder
2026-06-13 22:18:18,422 [INFO] ApiDb:250 - Set database path to: C:\Users\MinnuDiary\.stmcufinder\plugins\mcufinder//mcu/
2026-06-13 22:18:18,422 [WARN] DbFile:41 - Overriding database path with different value: C:\Users\MinnuDiary\.stmcufinder\plugins\mcufinder/ => C:\Users\MinnuDiary\.stmcufinder\plugins\mcufinder
2026-06-13 22:18:18,422 [INFO] DbMcusAds:125 - Set database path to: C:\Users\MinnuDiary\.stmcufinder\plugins\mcufinder//mcu/
2026-06-13 22:18:18,422 [WARN] DbFile:41 - Overriding database path with different value: C:\Users\MinnuDiary\.stmcufinder\plugins\mcufinder/ => C:\Users\MinnuDiary\.stmcufinder\plugins\mcufinder
2026-06-13 22:18:18,422 [WARN] DbFile:41 - Overriding database path with different value: C:\Users\MinnuDiary\.stmcufinder\plugins\mcufinder/ => C:\Users\MinnuDiary\.stmcufinder\plugins\mcufinder
2026-06-13 22:18:18,422 [INFO] CrossReferenceDbSqlite:203 - Set database path to: C:\Users\MinnuDiary\.stmcufinder\plugins\mcufinder//mcu/cs/
2026-06-13 22:18:18,518 [INFO] MainPanel:272 - HeapMemory: 268435456
2026-06-13 22:18:18,652 [INFO] DbMcusXml:78 - Set database path to: C:\ST\STM32CubeIDE_1.18.1\STM32CubeIDE\plugins\com.st.stm32cube.common.mx_6.14.1.202504091515\\db\/mcu/
2026-06-13 22:18:18,652 [INFO] ApiDb:274 - Set plugin database path to: C:\ST\STM32CubeIDE_1.18.1\STM32CubeIDE\plugins\com.st.stm32cube.common.mx_6.14.1.202504091515\\db\/plugins/boardmanager/
2026-06-13 22:18:18,652 [INFO] ApiDb:261 - Set plugin images path to: C:\ST\STM32CubeIDE_1.18.1\STM32CubeIDE\plugins\com.st.stm32cube.common.mx_6.14.1.202504091515\\db\/plugins/mcufinder/images/
2026-06-13 22:18:18,653 [WARN] DbFile:41 - Overriding database path with different value: C:\Users\MinnuDiary\.stmcufinder\plugins\mcufinder/ => C:\Users\MinnuDiary\.stmcufinder\plugins\mcufinder
2026-06-13 22:18:18,653 [INFO] ApiDb:250 - Set database path to: C:\Users\MinnuDiary\.stmcufinder\plugins\mcufinder//mcu/
2026-06-13 22:18:18,653 [WARN] DbFile:41 - Overriding database path with different value: C:\Users\MinnuDiary\.stmcufinder\plugins\mcufinder/ => C:\Users\MinnuDiary\.stmcufinder\plugins\mcufinder
2026-06-13 22:18:18,653 [INFO] DbMcusAds:125 - Set database path to: C:\Users\MinnuDiary\.stmcufinder\plugins\mcufinder//mcu/
2026-06-13 22:18:18,653 [WARN] DbFile:41 - Overriding database path with different value: C:\Users\MinnuDiary\.stmcufinder\plugins\mcufinder/ => C:\Users\MinnuDiary\.stmcufinder\plugins\mcufinder
2026-06-13 22:18:18,653 [WARN] DbFile:41 - Overriding database path with different value: C:\Users\MinnuDiary\.stmcufinder\plugins\mcufinder/ => C:\Users\MinnuDiary\.stmcufinder\plugins\mcufinder
2026-06-13 22:18:18,653 [INFO] CrossReferenceDbSqlite:203 - Set database path to: C:\Users\MinnuDiary\.stmcufinder\plugins\mcufinder//mcu/cs/
2026-06-13 22:18:18,675 [INFO] ApplicationProperties:184 - Using Application install path: C:\ST\STM32CubeIDE_1.18.1\STM32CubeIDE\plugins\com.st.stm32cube.common.mx_6.14.1.202504091515
2026-06-13 22:18:18,676 [INFO] PluginManage:196 - Search for loadable plugins [exclusion list=, ]
2026-06-13 22:18:18,677 [INFO] PluginManage:310 - Check plugin analytics
2026-06-13 22:18:18,877 [INFO] AnalyticsPlugin:253 - Accepted Software Licenses: 
2026-06-13 22:18:18,877 [INFO] AnalyticsPlugin:255 - Accepted CMSIS Pack Licenses: 
2026-06-13 22:18:18,877 [INFO] AnalyticsPlugin:257 - Accepted Firmware Licenses: FW.F4.1.28.0
2026-06-13 22:18:18,882 [INFO] PluginManage:359 - Loaded plugin analytics (category:tool,tabindex:-1)
2026-06-13 22:18:18,883 [INFO] PluginManage:310 - Check plugin cadmodel
2026-06-13 22:18:18,891 [INFO] CADModel:105 - Init CAD model plugin
2026-06-13 22:18:18,891 [INFO] PluginManage:359 - Loaded plugin cadmodel (category:power,tabindex:5)
2026-06-13 22:18:18,891 [INFO] PluginManage:310 - Check plugin clock
2026-06-13 22:18:18,908 [INFO] PluginManage:359 - Loaded plugin clock (category:base,tabindex:2)
2026-06-13 22:18:18,908 [INFO] PluginManage:310 - Check plugin ddr
2026-06-13 22:18:18,912 [INFO] PluginManage:359 - Loaded plugin ddr (category:tool,tabindex:6)
2026-06-13 22:18:18,913 [INFO] PluginManage:310 - Check plugin filemanager
2026-06-13 22:18:19,076 [INFO] PluginManage:359 - Loaded plugin filemanager (category:base,tabindex:10)
2026-06-13 22:18:19,076 [INFO] PluginManage:310 - Check plugin ipmanager
2026-06-13 22:18:19,084 [INFO] PluginManage:359 - Loaded plugin ipmanager (category:base,tabindex:5)
2026-06-13 22:18:19,084 [INFO] PluginManage:310 - Check plugin lpbam
2026-06-13 22:18:19,091 [INFO] PluginManage:359 - Loaded plugin lpbam (category:base,tabindex:0)
2026-06-13 22:18:19,092 [INFO] PluginManage:310 - Check plugin memorymap
2026-06-13 22:18:19,108 [INFO] PluginManage:359 - Loaded plugin memorymap (category:base,tabindex:4)
2026-06-13 22:18:19,108 [INFO] PluginManage:310 - Check plugin pinoutandconfiguration
2026-06-13 22:18:19,119 [INFO] PluginManage:359 - Loaded plugin pinoutandconfiguration (category:base,tabindex:1)
2026-06-13 22:18:19,119 [INFO] PluginManage:310 - Check plugin pinoutconfig
2026-06-13 22:18:19,217 [WARN] SupportedApi:132 - Cannot load RTOS API schema: s4s-elt-must-match.1: The content of 'definitions' must match (annotation?, (simpleType | complexType)?, (unique | key | keyref)*)). A problem was found starting at: attribute.
2026-06-13 22:18:19,340 [INFO] PluginManage:359 - Loaded plugin pinoutconfig (category:base,tabindex:0)
2026-06-13 22:18:19,340 [INFO] PluginManage:310 - Check plugin power
2026-06-13 22:18:19,348 [INFO] PluginManage:359 - Loaded plugin power (category:power,tabindex:4)
2026-06-13 22:18:19,348 [INFO] PluginManage:310 - Check plugin projectmanager
2026-06-13 22:18:19,362 [INFO] PluginManage:359 - Loaded plugin projectmanager (category:projectmanager,tabindex:4)
2026-06-13 22:18:19,363 [INFO] PluginManage:310 - Check plugin rif
2026-06-13 22:18:19,386 [INFO] PluginManage:359 - Loaded plugin rif (category:base,tabindex:3)
2026-06-13 22:18:19,386 [INFO] PluginManage:310 - Check plugin thirdparty
2026-06-13 22:18:19,528 [WARN] IntegrityCheckThread:84 - waiting for thirdparty lock release [integrity check]
2026-06-13 22:18:19,528 [INFO] IntegrityCheckThread:86 - entering critical section [integrity check]
2026-06-13 22:18:19,528 [INFO] PluginManage:359 - Loaded plugin thirdparty (category:base,tabindex:-1)
2026-06-13 22:18:19,528 [INFO] PluginManage:310 - Check plugin tools
2026-06-13 22:18:19,528 [INFO] ThirdPartyUpdaterWithRetryManager:70 - Updater plugin not ready yet. [1/15]
2026-06-13 22:18:19,531 [INFO] PluginManage:359 - Loaded plugin tools (category:base,tabindex:7)
2026-06-13 22:18:19,531 [INFO] PluginManage:310 - Check plugin tutovideos
2026-06-13 22:18:19,686 [INFO] PluginManage:359 - Loaded plugin tutovideos (category:base,tabindex:-1)
2026-06-13 22:18:19,687 [INFO] PluginManage:310 - Check plugin updater
2026-06-13 22:18:19,710 [INFO] PluginManage:359 - Loaded plugin updater (category:base,tabindex:12)
2026-06-13 22:18:19,710 [INFO] PluginManage:310 - Check plugin userauth
2026-06-13 22:18:19,715 [INFO] UserAuth:118 - Init User Auth plugin
2026-06-13 22:18:19,716 [INFO] PluginManage:359 - Loaded plugin userauth (category:base,tabindex:14)
2026-06-13 22:18:19,716 [INFO] PluginManage:283 - PluginManage : Loaded plugins [18]
2026-06-13 22:18:19,937 [INFO] PinOutPanel:1589 - setPackage(No Configuration,No Configuration)
2026-06-13 22:18:20,023 [INFO] CADModel:165 - CPN selected for project level
2026-06-13 22:18:20,023 [INFO] CADModel:114 - Register for checkConnection events
2026-06-13 22:18:20,044 [INFO] IPUIPlugin:80 - create IPUIPlugin
2026-06-13 22:18:20,045 [INFO] PluginManager:220 - loadIPPluginJar : add adc
2026-06-13 22:18:20,047 [INFO] IPUIPlugin:80 - create IPUIPlugin
2026-06-13 22:18:20,047 [INFO] PluginManager:220 - loadIPPluginJar : add aes
2026-06-13 22:18:20,050 [INFO] IPUIPlugin:80 - create IPUIPlugin
2026-06-13 22:18:20,050 [INFO] PluginManager:220 - loadIPPluginJar : add can
2026-06-13 22:18:20,051 [INFO] IPUIPlugin:80 - create IPUIPlugin
2026-06-13 22:18:20,052 [INFO] PluginManager:220 - loadIPPluginJar : add comp
2026-06-13 22:18:20,054 [INFO] IPUIPlugin:80 - create IPUIPlugin
2026-06-13 22:18:20,054 [INFO] PluginManager:220 - loadIPPluginJar : add cryp
2026-06-13 22:18:20,058 [INFO] IPUIPlugin:80 - create IPUIPlugin
2026-06-13 22:18:20,058 [INFO] PluginManager:220 - loadIPPluginJar : add ddr_ctrl_phy
2026-06-13 22:18:20,060 [INFO] IPUIPlugin:80 - create IPUIPlugin
2026-06-13 22:18:20,061 [INFO] PluginManager:220 - loadIPPluginJar : add dfsdm
2026-06-13 22:18:20,065 [INFO] IPUIPlugin:80 - create IPUIPlugin
2026-06-13 22:18:20,066 [INFO] PluginManager:220 - loadIPPluginJar : add dma
2026-06-13 22:18:20,068 [INFO] IPUIPlugin:80 - create IPUIPlugin
2026-06-13 22:18:20,068 [INFO] PluginManager:220 - loadIPPluginJar : add dma3
2026-06-13 22:18:20,071 [INFO] IPUIPlugin:80 - create IPUIPlugin
2026-06-13 22:18:20,071 [INFO] PluginManager:220 - loadIPPluginJar : add extmemmanager
2026-06-13 22:18:20,072 [INFO] IPUIPlugin:80 - create IPUIPlugin
2026-06-13 22:18:20,072 [INFO] PluginManager:220 - loadIPPluginJar : add fatfs
2026-06-13 22:18:20,076 [INFO] IPUIPlugin:80 - create IPUIPlugin
2026-06-13 22:18:20,076 [INFO] PluginManager:220 - loadIPPluginJar : add fmc
2026-06-13 22:18:20,081 [INFO] IPUIPlugin:80 - create IPUIPlugin
2026-06-13 22:18:20,081 [INFO] PluginManager:220 - loadIPPluginJar : add freertos
2026-06-13 22:18:20,082 [INFO] IPUIPlugin:80 - create IPUIPlugin
2026-06-13 22:18:20,082 [INFO] PluginManager:220 - loadIPPluginJar : add genericplugin
2026-06-13 22:18:20,084 [INFO] IPUIPlugin:80 - create IPUIPlugin
2026-06-13 22:18:20,084 [INFO] PluginManager:220 - loadIPPluginJar : add gfxmmu
2026-06-13 22:18:20,089 [INFO] IPUIPlugin:80 - create IPUIPlugin
2026-06-13 22:18:20,089 [INFO] PluginManager:220 - loadIPPluginJar : add gic
2026-06-13 22:18:20,093 [INFO] IPUIPlugin:80 - create IPUIPlugin
2026-06-13 22:18:20,093 [INFO] PluginManager:220 - loadIPPluginJar : add gpio
2026-06-13 22:18:20,095 [INFO] IPUIPlugin:80 - create IPUIPlugin
2026-06-13 22:18:20,095 [INFO] PluginManager:220 - loadIPPluginJar : add gtzc
2026-06-13 22:18:20,098 [INFO] IPUIPlugin:80 - create IPUIPlugin
2026-06-13 22:18:20,099 [INFO] PluginManager:220 - loadIPPluginJar : add hash
2026-06-13 22:18:20,102 [INFO] IPUIPlugin:80 - create IPUIPlugin
2026-06-13 22:18:20,102 [INFO] PluginManager:220 - loadIPPluginJar : add i2c
2026-06-13 22:18:20,105 [INFO] IPUIPlugin:80 - create IPUIPlugin
2026-06-13 22:18:20,105 [INFO] PluginManager:220 - loadIPPluginJar : add i2s
2026-06-13 22:18:20,108 [INFO] IPUIPlugin:80 - create IPUIPlugin
2026-06-13 22:18:20,109 [INFO] PluginManager:220 - loadIPPluginJar : add i3c
2026-06-13 22:18:20,114 [INFO] IPUIPlugin:80 - create IPUIPlugin
2026-06-13 22:18:20,114 [INFO] PluginManager:220 - loadIPPluginJar : add ipddr
2026-06-13 22:18:20,122 [INFO] IPUIPlugin:80 - create IPUIPlugin
2026-06-13 22:18:20,123 [INFO] PluginManager:220 - loadIPPluginJar : add linkedlist
2026-06-13 22:18:20,125 [INFO] IPUIPlugin:80 - create IPUIPlugin
2026-06-13 22:18:20,125 [INFO] PluginManager:220 - loadIPPluginJar : add lorawan
2026-06-13 22:18:20,127 [INFO] IPUIPlugin:80 - create IPUIPlugin
2026-06-13 22:18:20,127 [INFO] PluginManager:220 - loadIPPluginJar : add ltdc
2026-06-13 22:18:20,132 [INFO] IPUIPlugin:80 - create IPUIPlugin
2026-06-13 22:18:20,132 [INFO] PluginManager:220 - loadIPPluginJar : add mdma
2026-06-13 22:18:20,136 [INFO] IPUIPlugin:80 - create IPUIPlugin
2026-06-13 22:18:20,136 [INFO] PluginManager:220 - loadIPPluginJar : add nvic
2026-06-13 22:18:20,139 [INFO] IPUIPlugin:80 - create IPUIPlugin
2026-06-13 22:18:20,139 [INFO] PluginManager:220 - loadIPPluginJar : add opamp
2026-06-13 22:18:20,141 [INFO] IPUIPlugin:80 - create IPUIPlugin
2026-06-13 22:18:20,141 [INFO] PluginManager:220 - loadIPPluginJar : add openamp
2026-06-13 22:18:20,143 [INFO] IPUIPlugin:80 - create IPUIPlugin
2026-06-13 22:18:20,144 [INFO] PluginManager:220 - loadIPPluginJar : add pdm2pcm
2026-06-13 22:18:20,148 [INFO] IPUIPlugin:80 - create IPUIPlugin
2026-06-13 22:18:20,150 [INFO] PluginManager:220 - loadIPPluginJar : add plateformsettings
2026-06-13 22:18:20,152 [INFO] IPUIPlugin:80 - create IPUIPlugin
2026-06-13 22:18:20,152 [INFO] PluginManager:220 - loadIPPluginJar : add quadspi
2026-06-13 22:18:20,153 [INFO] IPUIPlugin:80 - create IPUIPlugin
2026-06-13 22:18:20,154 [INFO] PluginManager:220 - loadIPPluginJar : add radio
2026-06-13 22:18:20,156 [INFO] IPUIPlugin:80 - create IPUIPlugin
2026-06-13 22:18:20,156 [INFO] PluginManager:220 - loadIPPluginJar : add resmgrutility
2026-06-13 22:18:20,158 [INFO] IPUIPlugin:80 - create IPUIPlugin
2026-06-13 22:18:20,158 [INFO] PluginManager:220 - loadIPPluginJar : add sai
2026-06-13 22:18:20,159 [INFO] IPUIPlugin:80 - create IPUIPlugin
2026-06-13 22:18:20,159 [INFO] PluginManager:220 - loadIPPluginJar : add spi
2026-06-13 22:18:20,164 [INFO] IPUIPlugin:80 - create IPUIPlugin
2026-06-13 22:18:20,164 [INFO] PluginManager:220 - loadIPPluginJar : add stm32_wpan
2026-06-13 22:18:20,165 [INFO] IPUIPlugin:80 - create IPUIPlugin
2026-06-13 22:18:20,165 [INFO] PluginManager:220 - loadIPPluginJar : add tim
2026-06-13 22:18:20,168 [INFO] IPUIPlugin:80 - create IPUIPlugin
2026-06-13 22:18:20,169 [INFO] PluginManager:220 - loadIPPluginJar : add touchsensing
2026-06-13 22:18:20,171 [INFO] IPUIPlugin:80 - create IPUIPlugin
2026-06-13 22:18:20,171 [INFO] PluginManager:220 - loadIPPluginJar : add tracer_emb
2026-06-13 22:18:20,172 [INFO] IPUIPlugin:80 - create IPUIPlugin
2026-06-13 22:18:20,172 [INFO] PluginManager:220 - loadIPPluginJar : add ts
2026-06-13 22:18:20,172 [INFO] IPUIPlugin:80 - create IPUIPlugin
2026-06-13 22:18:20,172 [INFO] PluginManager:220 - loadIPPluginJar : add tsc
2026-06-13 22:18:20,174 [INFO] IPUIPlugin:80 - create IPUIPlugin
2026-06-13 22:18:20,174 [INFO] PluginManager:220 - loadIPPluginJar : add ucpd
2026-06-13 22:18:20,175 [INFO] IPUIPlugin:80 - create IPUIPlugin
2026-06-13 22:18:20,176 [INFO] PluginManager:220 - loadIPPluginJar : add usart
2026-06-13 22:18:20,179 [INFO] IPUIPlugin:80 - create IPUIPlugin
2026-06-13 22:18:20,179 [INFO] PluginManager:220 - loadIPPluginJar : add usbx
2026-06-13 22:18:20,334 [FATAL] Updater:351 - Updater called before beeing initialized
2026-06-13 22:18:20,356 [INFO] RulesReader:64 - Compatibility file has been processed (302 Rules)
2026-06-13 22:18:20,366 [INFO] RulesReader:64 - Compatibility file has been processed (302 Rules)
2026-06-13 22:18:20,376 [INFO] CADModel:165 - CPN selected for project level
2026-06-13 22:18:20,376 [INFO] CADModel:114 - Register for checkConnection events
2026-06-13 22:18:20,376 [FATAL] Updater:351 - Updater called before beeing initialized
2026-06-13 22:18:20,376 [ERROR] CADModel:125 - Updater not yet initialized, retry later 
2026-06-13 22:18:20,652 [FATAL] Updater:351 - Updater called before beeing initialized
2026-06-13 22:18:20,655 [INFO] CADModel:165 - CPN selected for project level
2026-06-13 22:18:20,655 [INFO] CADModel:114 - Register for checkConnection events
2026-06-13 22:18:20,655 [FATAL] Updater:351 - Updater called before beeing initialized
2026-06-13 22:18:20,655 [ERROR] CADModel:125 - Updater not yet initialized, retry later 
2026-06-13 22:18:20,657 [FATAL] Updater:351 - Updater called before beeing initialized
2026-06-13 22:18:20,777 [FATAL] Updater:351 - Updater called before beeing initialized
2026-06-13 22:18:20,781 [INFO] DbMcusAds:53 - JSON generation date=Thu May 28 21:38:17 IST 2026 (1779984497073)
2026-06-13 22:18:20,781 [FATAL] Updater:351 - Updater called before beeing initialized
2026-06-13 22:18:20,824 [WARN] DetailPanel:346 - Failed to get advertising image, set to default
2026-06-13 22:18:21,040 [FATAL] Updater:351 - Updater called before beeing initialized
2026-06-13 22:18:21,043 [FATAL] Updater:351 - Updater called before beeing initialized
2026-06-13 22:18:21,043 [FATAL] Updater:351 - Updater called before beeing initialized
2026-06-13 22:18:21,043 [WARN] DetailPanel:346 - Failed to get advertising image, set to default
2026-06-13 22:18:21,044 [FATAL] Updater:351 - Updater called before beeing initialized
2026-06-13 22:18:21,093 [ERROR] Updater:1198 - MainUpdater not yet initialized. External WinMGr cannot be set.
2026-06-13 22:18:21,097 [INFO] Updater:1134 - Updater Version found : 6.14.1
2026-06-13 22:18:21,114 [INFO] ApplicationProperties:184 - Using Application install path: C:\ST\STM32CubeIDE_1.18.1\STM32CubeIDE\plugins\com.st.stm32cube.common.mx_6.14.1.202504091515
2026-06-13 22:18:22,529 [INFO] ThirdPartyUpdaterWithRetryManager:70 - Updater plugin not ready yet. [2/15]
2026-06-13 22:18:22,688 [ERROR] LogOutputStream:75 - [STDERR_REDIRECT] Jun 13, 2026 10:18:22 PM java.util.prefs.WindowsPreferences <init>
2026-06-13 22:18:22,689 [ERROR] LogOutputStream:75 - [STDERR_REDIRECT] WARNING: Could not open/create prefs root node Software\JavaSoft\Prefs at root 0xffffffff80000002. Windows RegCreateKeyEx(...) returned error code 5.
2026-06-13 22:18:22,689 [ERROR] LogOutputStream:75 - [STDERR_REDIRECT] 
2026-06-13 22:18:23,199 [INFO] MainUpdater:2872 - connection check result : 10
2026-06-13 22:18:23,200 [INFO] MainUpdater:289 - Updater Check For Update Now.
2026-06-13 22:18:23,200 [INFO] MicroXplorer:498 - Change Database Version : DB.6.0.141
2026-06-13 22:18:23,204 [INFO] McuFinderGlobals:63 - Set McuFinder mode to 2 (CubeIDE integrated)
2026-06-13 22:18:23,204 [INFO] UserAuth:484 - Internet connection configuration mode: 1
2026-06-13 22:18:23,243 [INFO] JxBrowserEngine:152 - Initiate JxBrowser Engine with user profile folder
2026-06-13 22:18:23,365 [INFO] CheckServerUpdateThread:120 - End of CheckServer Thread
2026-06-13 22:18:24,025 [INFO] WebApp:169 - Instantiating new browser for Auth
2026-06-13 22:18:24,727 [INFO] WebApp:463 - Apply proxy settings
2026-06-13 22:18:24,728 [INFO] WebApp:548 - Chromium requires no authentication
2026-06-13 22:18:24,743 [INFO] WebApp:491 - Direct internet connection detected
2026-06-13 22:18:24,777 [INFO] WebApp:894 - Register for checkConnection events
2026-06-13 22:18:24,777 [INFO] WebApp:463 - Apply proxy settings
2026-06-13 22:18:24,777 [INFO] WebApp:548 - Chromium requires no authentication
2026-06-13 22:18:24,778 [INFO] WebApp:491 - Direct internet connection detected
2026-06-13 22:18:24,955 [INFO] WebApp:225 - Starting web application
2026-06-13 22:18:24,956 [INFO] WebApp:593 - Web application path used C:\ST\STM32CubeIDE_1.18.1\STM32CubeIDE\plugins\com.st.stm32cube.common.mx_6.14.1.202504091515\db\plugins\mcufinder\reactClient1\index.html
2026-06-13 22:18:25,024 [INFO] UserAuth:484 - Internet connection configuration mode: 1
2026-06-13 22:18:25,274 [INFO] WebApp:191 - Connection restablished
2026-06-13 22:18:25,768 [WARN] PackLoader:240 - Cannot read IP mode file for STMicroelectronics.X-CUBE-AZRTOS-H7.3.5.0
2026-06-13 22:18:25,779 [WARN] PackLoader:240 - Cannot read IP mode file for STMicroelectronics.FP-SNS-MOTENVWB1.1.4.0
2026-06-13 22:18:25,787 [WARN] PackLoader:240 - Cannot read IP mode file for STMicroelectronics.FP-ATR-ASTRA1.2.0.2
2026-06-13 22:18:25,804 [ERROR] Engine:466 - C:\Users\MinnuDiary\.stm32cubemx\thirdparties\pdsc\STMicroelectronics.X-CUBE-SMBUS.2.1.1.pdsc: PDSC version is not supported
2026-06-13 22:18:25,808 [WARN] PackLoader:240 - Cannot read IP mode file for STMicroelectronics.X-CUBE-SMBUS.2.1.0
2026-06-13 22:18:25,825 [WARN] PackLoader:240 - Cannot read IP mode file for STMicroelectronics.X-CUBE-AZRTOS-F7.1.1.0
2026-06-13 22:18:25,833 [WARN] PackLoader:240 - Cannot read IP mode file for Cesanta.I-CUBE-Mongoose.7.19.0
2026-06-13 22:18:25,836 [ERROR] Engine:466 - C:\Users\MinnuDiary\.stm32cubemx\thirdparties\pdsc\STMicroelectronics.FP-SNS-MOTENV1.5.1.0.pdsc: PDSC version is not supported
2026-06-13 22:18:25,843 [ERROR] Engine:466 - C:\Users\MinnuDiary\.stm32cubemx\thirdparties\pdsc\WES.I-CUBE-Cesium.1.4.0.pdsc: PDSC version is not supported
2026-06-13 22:18:25,869 [WARN] PackLoader:240 - Cannot read IP mode file for Infineon.AIROC-Wi-Fi-Bluetooth-STM32.1.7.1
2026-06-13 22:18:25,894 [WARN] PackLoader:240 - Cannot read IP mode file for STMicroelectronics.X-CUBE-AZRTOS-H7.3.4.0
2026-06-13 22:18:25,906 [WARN] PackLoader:240 - Cannot read IP mode file for STMicroelectronics.X-CUBE-DISPLAY.3.0.0
2026-06-13 22:18:25,918 [WARN] PackLoader:240 - Cannot read IP mode file for STMicroelectronics.X-CUBE-GNSS1.7.1.1
2026-06-13 22:18:25,921 [ERROR] Engine:466 - C:\Users\MinnuDiary\.stm32cubemx\thirdparties\pdsc\STMicroelectronics.FP-SNS-MOTENVWB1.1.5.0.pdsc: PDSC version is not supported
2026-06-13 22:18:25,926 [WARN] PackLoader:240 - Cannot read IP mode file for STMicroelectronics.X-CUBE-NFC10.1.0.0
2026-06-13 22:18:25,930 [WARN] PackLoader:240 - Cannot read IP mode file for STMicroelectronics.X-CUBE-ST60.1.1.0
2026-06-13 22:18:25,938 [WARN] PackLoader:240 - Cannot read IP mode file for emotas.I-CUBE-CANOPEN.1.3.0
2026-06-13 22:18:25,942 [WARN] PackLoader:240 - Cannot read IP mode file for STMicroelectronics.X-CUBE-GNSS1.7.1.0
2026-06-13 22:18:25,946 [ERROR] Engine:466 - C:\Users\MinnuDiary\.stm32cubemx\thirdparties\pdsc\STMicroelectronics.FP-SNS-STBOX1.2.1.0.pdsc: PDSC version is not supported
2026-06-13 22:18:25,949 [WARN] PackLoader:240 - Cannot read IP mode file for STMicroelectronics.FP-SNS-SMARTAG2.1.2.0
2026-06-13 22:18:25,955 [WARN] PackLoader:240 - Cannot read IP mode file for STMicroelectronics.FP-SNS-FLIGHT1.5.1.0
2026-06-13 22:18:25,963 [INFO] LogOutputStream:77 - [STDOUT_REDIRECT] 1 : Invalid condition id : UX_CORESTACK_Condition cause : null
2026-06-13 22:18:25,965 [INFO] LogOutputStream:77 - [STDOUT_REDIRECT] 1 : Invalid condition id : UX_CORESTACK_Condition cause : null
2026-06-13 22:18:25,966 [INFO] LogOutputStream:77 - [STDOUT_REDIRECT] 1 : Invalid condition id : UX_CORESTACK_Condition cause : null
2026-06-13 22:18:25,967 [INFO] LogOutputStream:77 - [STDOUT_REDIRECT] 1 : Invalid condition id : UX_CORESTACK_Condition cause : null
2026-06-13 22:18:25,968 [INFO] LogOutputStream:77 - [STDOUT_REDIRECT] 1 : Invalid condition id : UX_CORESTACK_Condition cause : null
2026-06-13 22:18:25,970 [WARN] PackLoader:240 - Cannot read IP mode file for STMicroelectronics.X-CUBE-AZRTOS-WL.2.0.0
2026-06-13 22:18:25,982 [WARN] PackLoader:240 - Cannot read IP mode file for STMicroelectronics.X-CUBE-AZRTOS-H7RS.1.2.0
2026-06-13 22:18:25,989 [WARN] PackLoader:240 - Cannot read IP mode file for STMicroelectronics.X-CUBE-BLE2.3.3.0
2026-06-13 22:18:26,020 [WARN] PackLoader:240 - Cannot read IP mode file for STMicroelectronics.X-CUBE-NFC9.1.0.0
2026-06-13 22:18:26,027 [WARN] PackLoader:240 - Cannot read IP mode file for wolfSSL.I-CUBE-wolfSSL.5.8.2
2026-06-13 22:18:26,034 [WARN] PackLoader:240 - Cannot read IP mode file for STMicroelectronics.X-CUBE-BLE1.7.1.0
2026-06-13 22:18:26,039 [WARN] PackLoader:240 - Cannot read IP mode file for wolfSSL.I-CUBE-wolfMQTT.1.19.2
2026-06-13 22:18:26,042 [ERROR] Engine:466 - C:\Users\MinnuDiary\.stm32cubemx\thirdparties\pdsc\STMicroelectronics.X-CUBE-FREERTOS.1.4.0.pdsc: PDSC version is not supported
2026-06-13 22:18:26,049 [WARN] PackLoader:240 - Cannot read IP mode file for STMicroelectronics.X-CUBE-EEPRMA1.5.2.0
2026-06-13 22:18:26,053 [ERROR] Engine:466 - C:\Users\MinnuDiary\.stm32cubemx\thirdparties\pdsc\STMicroelectronics.X-CUBE-ST67W61.1.1.0.pdsc: PDSC version is not supported
2026-06-13 22:18:26,056 [ERROR] Engine:466 - C:\Users\MinnuDiary\.stm32cubemx\thirdparties\pdsc\STMicroelectronics.FP-SNS-STAIOTCFT.1.1.0.pdsc: PDSC version is not supported
2026-06-13 22:18:26,083 [WARN] PackLoader:240 - Cannot read IP mode file for STMicroelectronics.X-CUBE-MEMS1.12.0.0
2026-06-13 22:18:26,228 [WARN] PackLoader:240 - Cannot read IP mode file for STMicroelectronics.X-CUBE-AZRTOS-G0.1.1.0
2026-06-13 22:18:26,236 [WARN] PackLoader:240 - Cannot read IP mode file for STMicroelectronics.X-CUBE-NFC4.3.0.0
2026-06-13 22:18:26,245 [WARN] PackLoader:240 - Cannot read IP mode file for EmbeddedOffice.I-CUBE-FS-RTOS.1.0.1
2026-06-13 22:18:26,253 [WARN] PackLoader:240 - Cannot read IP mode file for STMicroelectronics.X-CUBE-WB05N.2.0.0
2026-06-13 22:18:26,259 [WARN] PackLoader:240 - Cannot read IP mode file for wolfSSL.I-CUBE-wolfTPM.3.8.0
2026-06-13 22:18:26,265 [WARN] PackLoader:240 - Cannot read IP mode file for STMicroelectronics.X-CUBE-TCPP.4.2.0
2026-06-13 22:18:26,271 [WARN] PackLoader:240 - Cannot read IP mode file for RealThread.X-CUBE-RT-Thread_Nano.4.1.1
2026-06-13 22:18:26,275 [WARN] PackLoader:240 - Cannot read IP mode file for STMicroelectronics.FP-ATR-SIGFOX1.3.2.0
2026-06-13 22:18:26,278 [ERROR] Engine:466 - C:\Users\MinnuDiary\.stm32cubemx\thirdparties\pdsc\STMicroelectronics.X-CUBE-FREERTOS.1.5.0.pdsc: PDSC version is not supported
2026-06-13 22:18:26,284 [WARN] PackLoader:240 - Cannot read IP mode file for ITTIA_DB.I-CUBE-ITTIADB.8.9.0
2026-06-13 22:18:26,290 [WARN] PackLoader:240 - Cannot read IP mode file for STMicroelectronics.X-CUBE-NFC6.3.2.0
2026-06-13 22:18:26,296 [WARN] PackLoader:240 - Cannot read IP mode file for STMicroelectronics.X-CUBE-AI.10.2.0
2026-06-13 22:18:26,327 [WARN] PackLoader:240 - Cannot read IP mode file for STMicroelectronics.X-CUBE-MEMS1.12.1.0
2026-06-13 22:18:26,419 [WARN] PackLoader:240 - Cannot read IP mode file for SEGGER.I-CUBE-embOS.1.3.1
2026-06-13 22:18:26,451 [WARN] PackLoader:240 - Cannot read IP mode file for STMicroelectronics.X-CUBE-ALGOBUILD.1.4.0
2026-06-13 22:18:26,482 [WARN] PackLoader:240 - Cannot read IP mode file for STMicroelectronics.X-CUBE-MEMS1.11.3.0
2026-06-13 22:18:26,566 [WARN] PackLoader:240 - Cannot read IP mode file for STMicroelectronics.X-CUBE-NFC13.1.0.0
2026-06-13 22:18:26,571 [WARN] PackLoader:240 - Cannot read IP mode file for STMicroelectronics.X-CUBE-PM33A1.1.0.0
2026-06-13 22:18:26,579 [WARN] PackLoader:240 - Cannot read IP mode file for STMicroelectronics.X-CUBE-AZRTOS-F4.1.1.0
2026-06-13 22:18:26,585 [WARN] PackLoader:240 - Cannot read IP mode file for STMicroelectronics.X-CUBE-ISPU.2.1.0
2026-06-13 22:18:26,589 [ERROR] Engine:466 - C:\Users\MinnuDiary\.stm32cubemx\thirdparties\pdsc\STMicroelectronics.X-CUBE-IPS.3.2.0.pdsc: PDSC version is not supported
2026-06-13 22:18:26,592 [WARN] PackLoader:240 - Cannot read IP mode file for STMicroelectronics.eDS-WB_DPC_TT-BIDIR.2.1.1
2026-06-13 22:18:26,596 [WARN] PackLoader:240 - Cannot read IP mode file for STMicroelectronics.X-CUBE-NFC12.1.0.0
2026-06-13 22:18:26,605 [WARN] PackLoader:240 - Cannot read IP mode file for STMicroelectronics.X-CUBE-AZRTOS-L5.2.0.0
2026-06-13 22:18:26,613 [WARN] PackLoader:240 - Cannot read IP mode file for STMicroelectronics.X-CUBE-NFC6.3.1.0
2026-06-13 22:18:26,621 [WARN] PackLoader:240 - Cannot read IP mode file for STMicroelectronics.X-CUBE-ALGOBUILD.1.5.0
2026-06-13 22:18:26,626 [WARN] PackLoader:240 - Cannot read IP mode file for STMicroelectronics.eDS-WB_DPC_VIENNA.1.2.0
2026-06-13 22:18:26,629 [WARN] PackLoader:240 - Cannot read IP mode file for STMicroelectronics.eDS-WB_DPC_3PH2L-BIDIR.1.1.1
2026-06-13 22:18:26,633 [ERROR] Engine:466 - C:\Users\MinnuDiary\.stm32cubemx\thirdparties\pdsc\STMicroelectronics.X-CUBE-ST67W61.1.3.0.pdsc: PDSC version is not supported
2026-06-13 22:18:26,637 [WARN] PackLoader:240 - Cannot read IP mode file for STMicroelectronics.X-CUBE-FREERTOS.1.3.1
2026-06-13 22:18:26,646 [WARN] PackLoader:240 - Cannot read IP mode file for STMicroelectronics.X-CUBE-TOUCHGFX.4.26.0
2026-06-13 22:18:26,650 [WARN] PackLoader:240 - Cannot read IP mode file for STMicroelectronics.X-CUBE-TOUCHGFX.4.26.1
2026-06-13 22:18:26,655 [WARN] PackLoader:240 - Cannot read IP mode file for STMicroelectronics.FP-SNS-STAIOTCFT.1.0.0
2026-06-13 22:18:26,660 [WARN] PackLoader:240 - Cannot read IP mode file for STMicroelectronics.X-CUBE-DPower.1.3.0
2026-06-13 22:18:26,674 [WARN] ConditionMgr:438 - getConditionDescription Invalid condition id : LAN8742 Phy interface Condition cause : null
2026-06-13 22:18:26,675 [WARN] PackLoader:240 - Cannot read IP mode file for STMicroelectronics.X-CUBE-AZRTOS-L4.2.0.0
2026-06-13 22:18:26,675 [WARN] ConditionMgr:1044 - genDependencies : Invalid condition id : LAN8742 Phy interface Condition cause : null
2026-06-13 22:18:26,676 [WARN] ConditionMgr:1044 - genDependencies : Invalid condition id : LAN8742 Phy interface Condition cause : null
2026-06-13 22:18:26,676 [WARN] ConditionMgr:1044 - genDependencies : Invalid condition id : LAN8742 Phy interface Condition cause : null
2026-06-13 22:18:26,684 [WARN] PackLoader:240 - Cannot read IP mode file for STMicroelectronics.X-CUBE-SFXS2LP1.4.0.0
2026-06-13 22:18:26,690 [WARN] PackLoader:240 - Cannot read IP mode file for STMicroelectronics.X-CUBE-WB05N.2.1.0
2026-06-13 22:18:26,695 [ERROR] Engine:466 - C:\Users\MinnuDiary\.stm32cubemx\thirdparties\pdsc\STMicroelectronics.X-CUBE-ST67W61.1.2.0.pdsc: PDSC version is not supported
2026-06-13 22:18:26,704 [WARN] PackLoader:240 - Cannot read IP mode file for STMicroelectronics.X-CUBE-BLEMGR.4.1.0
2026-06-13 22:18:26,717 [WARN] ConditionMgr:438 - getConditionDescription Invalid condition id : UX DEVICE CLASS RTOS Condition cause : null
2026-06-13 22:18:26,717 [WARN] ConditionMgr:438 - getConditionDescription Invalid condition id : UX DEVICE CLASS RTOS Condition cause : null
2026-06-13 22:18:26,718 [WARN] PackLoader:240 - Cannot read IP mode file for STMicroelectronics.X-CUBE-AZRTOS-WB.2.0.0
2026-06-13 22:18:26,719 [WARN] ConditionMgr:1044 - genDependencies : Invalid condition id : UX DEVICE CLASS RTOS Condition cause : null
2026-06-13 22:18:26,719 [WARN] ConditionMgr:1044 - genDependencies : Invalid condition id : UX DEVICE CLASS RTOS Condition cause : null
2026-06-13 22:18:26,719 [WARN] ConditionMgr:1044 - genDependencies : Invalid condition id : UX DEVICE CLASS RTOS Condition cause : null
2026-06-13 22:18:26,719 [WARN] ConditionMgr:1044 - genDependencies : Invalid condition id : UX DEVICE CLASS RTOS Condition cause : null
2026-06-13 22:18:26,719 [WARN] ConditionMgr:1044 - genDependencies : Invalid condition id : UX DEVICE CLASS RTOS Condition cause : null
2026-06-13 22:18:26,724 [WARN] ConditionMgr:438 - getConditionDescription Invalid condition id : Cortex-A Device cause : null
2026-06-13 22:18:26,752 [WARN] ConditionMgr:1044 - genDependencies : Invalid condition id : Cortex-A Device cause : null
2026-06-13 22:18:26,753 [WARN] ConditionMgr:1044 - genDependencies : Invalid condition id : Cortex-A Device cause : null
2026-06-13 22:18:26,753 [WARN] ConditionMgr:1044 - genDependencies : Invalid condition id : Cortex-A Device cause : null
2026-06-13 22:18:26,761 [WARN] PackLoader:240 - Cannot read IP mode file for STMicroelectronics.X-CUBE-STSE01.2.0.0
2026-06-13 22:18:26,772 [WARN] PackLoader:240 - Cannot read IP mode file for STMicroelectronics.X-CUBE-SUBG2.5.0.0
2026-06-13 22:18:26,784 [WARN] PackLoader:240 - Cannot read IP mode file for STMicroelectronics.X-CUBE-AZRTOS-H7RS.1.1.0
2026-06-13 22:18:26,793 [WARN] PackLoader:240 - Cannot read IP mode file for STMicroelectronics.X-CUBE-AZRTOS-G4.2.0.0
2026-06-13 22:18:26,800 [WARN] PackLoader:240 - Cannot read IP mode file for wolfSSL.I-CUBE-wolfSSH.1.4.20
2026-06-13 22:18:26,805 [WARN] PackLoader:240 - Cannot read IP mode file for STMicroelectronics.X-CUBE-NFC7.2.0.0
2026-06-13 22:18:26,812 [WARN] PackLoader:240 - Cannot read IP mode file for STMicroelectronics.X-CUBE-ALS.1.0.2
2026-06-13 22:18:26,818 [WARN] PackLoader:240 - Cannot read IP mode file for STMicroelectronics.X-CUBE-STSE01.1.0.0
2026-06-13 22:18:26,828 [WARN] PackLoader:240 - Cannot read IP mode file for STMicroelectronics.X-CUBE-TOF1.3.4.3
2026-06-13 22:18:26,836 [INFO] ThirdParty:978 - Integrity check success = true
2026-06-13 22:18:26,836 [INFO] IntegrityCheckThread:100 - exiting critical section [integrity check]
2026-06-13 22:18:26,836 [INFO] IntegrityCheckThread:103 - End integrity checks thread
