21:57:03 **** Build of configuration Debug for project 6_UART_PrintF ****
make -j16 all 
arm-none-eabi-gcc "../Src/main.c" -mcpu=cortex-m4 -std=gnu11 -g3 -DDEBUG -DSTM32 -DSTM32F4 -DSTM32F446RETx -DNUCLEO_F446RE -DSTM32F446xx -c -I../Inc -I"D:/MINNU/GITHUB/STM32_SELF_LEARNING/Chip_Headers/CMSIS/Device/ST/STM32F4xx/Include" -I"D:/MINNU/GITHUB/STM32_SELF_LEARNING/Chip_Headers/CMSIS/Include" -O0 -ffunction-sections -fdata-sections -Wall -fstack-usage -fcyclomatic-complexity -MMD -MP -MF"Src/main.d" -MT"Src/main.o" --specs=nano.specs -mfpu=fpv4-sp-d16 -mfloat-abi=hard -mthumb -o "Src/main.o"
arm-none-eabi-gcc -o "6_UART_PrintF.elf" @"objects.list"   -mcpu=cortex-m4 -T"D:\MINNU\GITHUB\STM32_SELF_LEARNING\6_UART_PrintF\STM32F446RETX_FLASH.ld" --specs=nosys.specs -Wl,-Map="6_UART_PrintF.map" -Wl,--gc-sections -static --specs=nano.specs -mfpu=fpv4-sp-d16 -mfloat-abi=hard -mthumb -Wl,--start-group -lc -lm -Wl,--end-group
Finished building target: 6_UART_PrintF.elf
 
arm-none-eabi-size  6_UART_PrintF.elf 
arm-none-eabi-objdump -h -S 6_UART_PrintF.elf  > "6_UART_PrintF.list"
   text	   data	    bss	    dec	    hex	filename
   3692	     92	   1900	   5684	   1634	6_UART_PrintF.elf
Finished building: default.size.stdout
 
Finished building: 6_UART_PrintF.list
 

21:57:05 Build Finished. 0 errors, 0 warnings. (took 2s.227ms)

