23:27:08 **** Incremental Build of configuration Debug for project Assignment_GPIO_UART ****
make -j16 all 
arm-none-eabi-size  Assignment_GPIO_UART.elf 
   text	   data	    bss	    dec	    hex	filename
   3660	     20	   1604	   5284	   14a4	Assignment_GPIO_UART.elf
Finished building: default.size.stdout
 
23:27:37 **** Incremental Build of configuration Debug for project Assignment_GPIO_UART ****
make -j16 all 
arm-none-eabi-size  Assignment_GPIO_UART.elf 
   text	   data	    bss	    dec	    hex	filename
   3660	     20	   1604	   5284	   14a4	Assignment_GPIO_UART.elf
Finished building: default.size.stdout
 
